This is pdfTeX, Version 3.141592653-2.6-1.40.29 (MiKTeX 26.5) (preloaded format=pdflatex 2026.6.22)  27 JUN 2026 16:24
entering extended mode
 restricted \write18 enabled.
 file:line:error style messages enabled.
 %&-line parsing enabled.
**d:/STUDY/KY7/DCD/GIT-DCD/report.tex
(d:/STUDY/KY7/DCD/GIT-DCD/report.tex
LaTeX2e <2026-06-01>
L3 programming layer <2026-05-26>

! LaTeX Error: File `llncs.cls' not found.

Type X to quit or <RETURN> to proceed,
or enter new name. (Default extension: cls)

Enter file name: 
d:/STUDY/KY7/DCD/GIT-DCD/report.tex:4: Emergency stop.
<read *> 
         
l.4 ^^M
       
*** (cannot \read from terminal in nonstop modes)

 
Here is how much of TeX's memory you used:
 22 strings out of 467509
 464 string characters out of 5408294
 435365 words of memory out of 5000000
 29360 multiletter control sequences out of 15000+600000
 627721 words of font info for 40 fonts, out of 8000000 for 9000
 1141 hyphenation exceptions out of 8191
 19i,0n,29p,139b,17s stack positions out of 10000i,1000n,20000p,200000b,200000s
d:/STUDY/KY7/DCD/GIT-DCD/report.tex:4:  ==> Fatal error occurred, no output PDF file produced!
