# Cross-dataset results — test window w26_c2 (generated by code/analyze_results.py)

## VN1

### Forecast accuracy (all series)

| model         |   horizon |   SQL |   RMSSE |   cov_0.8 |   cov_0.9 |   cov_0.95 |
|:--------------|----------:|------:|--------:|----------:|----------:|-----------:|
| empirical     |         3 | 0.966 |   1.037 |     0.854 |     0.91  |      0.94  |
| empirical     |        13 | 1.187 |   0.855 |     0.799 |     0.85  |      0.872 |
| tsb           |         3 | 0.812 |   0.751 |     0.811 |     0.848 |      0.872 |
| tsb           |        13 | 1.039 |   0.638 |     0.72  |     0.751 |      0.774 |
| tsb_nb        |         3 | 0.757 |   0.76  |     0.838 |     0.904 |      0.937 |
| tsb_nb        |        13 | 0.994 |   0.638 |     0.759 |     0.816 |      0.851 |
| ets           |         3 | 0.683 |   0.724 |     0.875 |     0.914 |      0.934 |
| ets           |        13 | 0.919 |   0.651 |     0.852 |     0.891 |      0.912 |
| lgb_tweedie   |         3 | 0.636 |   0.705 |     0.867 |     0.905 |      0.927 |
| lgb_tweedie   |        13 | 0.905 |   0.669 |     0.86  |     0.899 |      0.919 |
| lgb_conformal |         3 | 0.618 |   0.697 |     0.81  |     0.907 |      0.953 |
| lgb_conformal |        13 | 0.937 |   0.652 |     0.824 |     0.921 |      0.962 |
| hgb_quantile  |         3 | 0.548 |   0.692 |     0.838 |     0.909 |      0.947 |
| hgb_quantile  |        13 | 0.801 |   0.609 |     0.811 |     0.892 |      0.938 |
| lgb_quantile  |         3 | 0.539 |   0.681 |     0.839 |     0.911 |      0.951 |
| lgb_quantile  |        13 | 0.79  |   0.6   |     0.818 |     0.902 |      0.944 |
| chronos2      |         3 | 0.653 |   0.742 |     0.864 |     0.929 |      0.965 |
| chronos2      |        13 | 1.23  |   0.655 |     0.852 |     0.908 |      0.951 |

### SQL by demand class (h = 3)

| model         |   all |   smooth |   erratic |   intermittent |   lumpy |
|:--------------|------:|---------:|----------:|---------------:|--------:|
| chronos2      | 0.653 |    0.246 |     0.237 |          1.105 |   0.315 |
| empirical     | 0.966 |    0.429 |     0.367 |          1.559 |   0.56  |
| ets           | 0.683 |    0.257 |     0.254 |          1.13  |   0.382 |
| hgb_quantile  | 0.548 |    0.233 |     0.208 |          0.911 |   0.27  |
| lgb_conformal | 0.618 |    0.245 |     0.227 |          1.027 |   0.324 |
| lgb_quantile  | 0.539 |    0.231 |     0.206 |          0.895 |   0.262 |
| lgb_tweedie   | 0.636 |    0.252 |     0.233 |          1.068 |   0.311 |
| tsb           | 0.812 |    0.297 |     0.281 |          1.381 |   0.393 |
| tsb_nb        | 0.757 |    0.25  |     0.248 |          1.316 |   0.339 |

### Inventory KPIs, default scenario, no liquidation (all series)

| model         |   fill_rate |   stockout_rate_demand_weeks |   inventory_weeks |   excess_weeks_of_demand |   fill_rate_lo |   fill_rate_hi |   inventory_weeks_lo |   inventory_weeks_hi |
|:--------------|------------:|-----------------------------:|------------------:|-------------------------:|---------------:|---------------:|---------------------:|---------------------:|
| empirical     |       0.932 |                        0.118 |             2.681 |                    0.713 |          0.925 |          0.939 |                2.441 |                2.919 |
| tsb           |       0.878 |                        0.191 |             0.827 |                    0.099 |          0.87  |          0.884 |                0.773 |                0.885 |
| tsb_nb        |       0.951 |                        0.105 |             1.856 |                    0.2   |          0.945 |          0.955 |                1.75  |                1.967 |
| ets           |       0.955 |                        0.079 |             2.198 |                    0.441 |          0.95  |          0.959 |                2.021 |                2.361 |
| lgb_tweedie   |       0.952 |                        0.082 |             1.876 |                    0.296 |          0.947 |          0.956 |                1.757 |                2.016 |
| lgb_conformal |       0.965 |                        0.07  |             2.358 |                    0.293 |          0.96  |          0.969 |                2.23  |                2.492 |
| hgb_quantile  |       0.95  |                        0.071 |             1.961 |                    0.3   |          0.945 |          0.954 |                1.824 |                2.094 |
| lgb_quantile  |       0.952 |                        0.069 |             2.039 |                    0.309 |          0.947 |          0.956 |                1.898 |                2.194 |
| chronos2      |       0.963 |                        0.056 |             2.428 |                    0.456 |          0.958 |          0.966 |                2.248 |                2.622 |

### fill_rate by demand class (default, no liquidation)

| model         |   all |   smooth |   erratic |   intermittent |   lumpy |
|:--------------|------:|---------:|----------:|---------------:|--------:|
| chronos2      | 0.963 |    0.967 |     0.955 |          0.954 |   0.961 |
| empirical     | 0.932 |    0.953 |     0.924 |          0.859 |   0.874 |
| ets           | 0.955 |    0.964 |     0.951 |          0.925 |   0.939 |
| hgb_quantile  | 0.95  |    0.958 |     0.936 |          0.942 |   0.95  |
| lgb_conformal | 0.965 |    0.973 |     0.951 |          0.953 |   0.961 |
| lgb_quantile  | 0.952 |    0.959 |     0.938 |          0.945 |   0.955 |
| lgb_tweedie   | 0.952 |    0.957 |     0.947 |          0.935 |   0.946 |
| tsb           | 0.878 |    0.893 |     0.86  |          0.853 |   0.849 |
| tsb_nb        | 0.951 |    0.96  |     0.943 |          0.913 |   0.942 |

### inventory_weeks by demand class (default, no liquidation)

| model         |   all |   smooth |   erratic |   intermittent |   lumpy |
|:--------------|------:|---------:|----------:|---------------:|--------:|
| chronos2      | 2.428 |    1.591 |     3.279 |          3.318 |   4.654 |
| empirical     | 2.681 |    2.045 |     3.562 |          2.996 |   3.928 |
| ets           | 2.198 |    1.453 |     3.26  |          2.288 |   3.765 |
| hgb_quantile  | 1.961 |    1.418 |     2.49  |          2.605 |   3.422 |
| lgb_conformal | 2.358 |    1.723 |     2.873 |          3.417 |   4.164 |
| lgb_quantile  | 2.039 |    1.468 |     2.62  |          2.661 |   3.551 |
| lgb_tweedie   | 1.876 |    1.366 |     2.461 |          2.326 |   3.105 |
| tsb           | 0.827 |    0.629 |     1.027 |          1.165 |   1.274 |
| tsb_nb        | 1.856 |    1.344 |     2.591 |          1.926 |   2.917 |

### Trade-off: fill rate and inventory (weeks) across target service level τ

| model         |   ('fill_rate', 0.5) |   ('fill_rate', 0.8) |   ('fill_rate', 0.9) |   ('fill_rate', 0.95) |   ('fill_rate', 0.99) |   ('inventory_weeks', 0.5) |   ('inventory_weeks', 0.8) |   ('inventory_weeks', 0.9) |   ('inventory_weeks', 0.95) |   ('inventory_weeks', 0.99) |
|:--------------|---------------------:|---------------------:|---------------------:|----------------------:|----------------------:|---------------------------:|---------------------------:|---------------------------:|----------------------------:|----------------------------:|
| chronos2      |                0.846 |                0.933 |                0.963 |                 0.981 |                 0.997 |                      0.667 |                      1.526 |                      2.428 |                       3.881 |                      12.721 |
| empirical     |                0.681 |                0.877 |                0.932 |                 0.957 |                 0.977 |                      0.681 |                      1.683 |                      2.681 |                       3.793 |                       5.636 |
| ets           |                0.852 |                0.935 |                0.955 |                 0.966 |                 0.978 |                      0.767 |                      1.656 |                      2.198 |                       2.665 |                       3.566 |
| hgb_quantile  |                0.825 |                0.918 |                0.95  |                 0.967 |                 0.988 |                      0.631 |                      1.34  |                      1.961 |                       2.668 |                       5.193 |
| lgb_conformal |                0.802 |                0.925 |                0.965 |                 0.981 |                 0.995 |                      0.638 |                      1.331 |                      2.358 |                       3.784 |                       9.074 |
| lgb_quantile  |                0.83  |                0.919 |                0.952 |                 0.971 |                 0.992 |                      0.638 |                      1.357 |                      2.039 |                       2.746 |                       5.302 |
| lgb_tweedie   |                0.847 |                0.93  |                0.952 |                 0.964 |                 0.978 |                      0.773 |                      1.447 |                      1.876 |                       2.255 |                       3     |
| tsb           |                0.847 |                0.868 |                0.878 |                 0.885 |                 0.897 |                      0.649 |                      0.761 |                      0.827 |                       0.887 |                       1.007 |
| tsb_nb        |                0.81  |                0.92  |                0.951 |                 0.966 |                 0.983 |                      0.542 |                      1.223 |                      1.856 |                       2.557 |                       4.435 |

![trade-off](fig_tradeoff_VN1_w26_c2.png)

### Inventory (weeks of demand) needed to reach a fill rate — all (— = outside the fill range reached for τ ∈ [0.5, 0.99])

|               |   fill 0.90 |   fill 0.92 |   fill 0.94 |   fill 0.96 |   fill 0.98 |
|:--------------|------------:|------------:|------------:|------------:|------------:|
| chronos2      |        1.2  |        1.39 |        1.73 |        2.35 |        3.8  |
| empirical     |        2.1  |        2.46 |        3.03 |        4.05 |      —    |
| ets           |        1.28 |        1.49 |        1.78 |        2.4  |      —    |
| hgb_quantile  |        1.21 |        1.38 |        1.77 |        2.37 |        4.19 |
| lgb_conformal |        1.19 |        1.3  |        1.71 |        2.23 |        3.67 |
| lgb_quantile  |        1.2  |        1.38 |        1.79 |        2.33 |        3.87 |
| lgb_tweedie   |        1.21 |        1.37 |        1.65 |        2.13 |      —    |
| tsb           |      —    |      —    |      —    |      —    |      —    |
| tsb_nb        |        1.1  |        1.22 |        1.63 |        2.27 |        4.1  |

### Inventory (weeks of demand) needed to reach a fill rate — smooth (— = outside the fill range reached for τ ∈ [0.5, 0.99])

|               |   fill 0.90 |   fill 0.92 |   fill 0.94 |   fill 0.96 |   fill 0.98 |
|:--------------|------------:|------------:|------------:|------------:|------------:|
| chronos2      |        0.74 |        0.9  |        1.06 |        1.44 |        2.16 |
| empirical     |        1.33 |        1.47 |        1.82 |        2.29 |        3.31 |
| ets           |        0.8  |        0.94 |        1.08 |        1.39 |        2.14 |
| hgb_quantile  |        0.82 |        0.93 |        1.16 |        1.49 |        2.45 |
| lgb_conformal |        0.86 |        0.97 |        1.08 |        1.43 |        2.07 |
| lgb_quantile  |        0.83 |        0.95 |        1.18 |        1.48 |        2.15 |
| lgb_tweedie   |        0.81 |        0.94 |        1.1  |        1.44 |        2.13 |
| tsb           |        0.67 |      —    |      —    |      —    |      —    |
| tsb_nb        |        0.75 |        0.86 |        1.02 |        1.34 |        2.17 |

### Inventory (weeks of demand) needed to reach a fill rate — erratic (— = outside the fill range reached for τ ∈ [0.5, 0.99])

|               |   fill 0.90 |   fill 0.92 |   fill 0.94 |   fill 0.96 |   fill 0.98 |
|:--------------|------------:|------------:|------------:|------------:|------------:|
| chronos2      |        1.71 |        1.96 |        2.7  |        3.75 |        6.68 |
| empirical     |        3.03 |        3.47 |        4.51 |        5.91 |      —    |
| ets           |        1.95 |        2.26 |        2.82 |        3.88 |      —    |
| hgb_quantile  |        1.67 |        2.11 |        2.7  |        4.17 |        6.72 |
| lgb_conformal |        1.58 |        1.9  |        2.53 |        3.63 |        6.73 |
| lgb_quantile  |        1.67 |        2.14 |        2.74 |        3.97 |        6.22 |
| lgb_tweedie   |        1.66 |        1.86 |        2.3  |        3    |      —    |
| tsb           |      —    |      —    |      —    |      —    |      —    |
| tsb_nb        |        1.59 |        2.02 |        2.51 |        3.64 |        6.79 |

### Inventory (weeks of demand) needed to reach a fill rate — intermittent (— = outside the fill range reached for τ ∈ [0.5, 0.99])

|               |   fill 0.90 |   fill 0.92 |   fill 0.94 |   fill 0.96 |   fill 0.98 |
|:--------------|------------:|------------:|------------:|------------:|------------:|
| chronos2      |        1.91 |        2.19 |        2.86 |        4.03 |       15.68 |
| empirical     |        3.68 |        4.2  |        4.8  |      —    |      —    |
| ets           |        1.76 |        2.18 |        2.87 |      —    |      —    |
| hgb_quantile  |        1.7  |        2.01 |        2.54 |        3.8  |        7.52 |
| lgb_conformal |        2.26 |        2.7  |        3.14 |        4.68 |       14.14 |
| lgb_quantile  |        1.7  |        2.02 |        2.53 |        3.46 |        6.98 |
| lgb_tweedie   |        1.74 |        2    |        2.51 |      —    |      —    |
| tsb           |      —    |      —    |      —    |      —    |      —    |
| tsb_nb        |        1.68 |        2.16 |        3.11 |      —    |      —    |

### Inventory (weeks of demand) needed to reach a fill rate — lumpy (— = outside the fill range reached for τ ∈ [0.5, 0.99])

|               |   fill 0.90 |   fill 0.92 |   fill 0.94 |   fill 0.96 |   fill 0.98 |
|:--------------|------------:|------------:|------------:|------------:|------------:|
| chronos2      |        2.43 |        2.7  |        3.65 |        4.6  |        8.4  |
| empirical     |        5.14 |        6.07 |        7.85 |       10.02 |      —    |
| ets           |        2.52 |        2.94 |        3.87 |        5.57 |      —    |
| hgb_quantile  |        2.23 |        2.6  |        3.15 |        4.08 |        6.88 |
| lgb_conformal |        2.27 |        2.89 |        3.51 |        4.13 |        7.63 |
| lgb_quantile  |        2.16 |        2.46 |        3.08 |        3.89 |        6.33 |
| lgb_tweedie   |        2.23 |        2.48 |        2.97 |        3.81 |      —    |
| tsb           |      —    |      —    |      —    |      —    |      —    |
| tsb_nb        |        1.75 |        2.29 |        2.87 |        4.15 |        8.24 |

### Frontier rank (mean rank of inventory needed over the fill targets; 1 = least inventory; a model that cannot reach a target shares the last ranks)

|               |   all |   smooth |   erratic |   intermittent |   lumpy |
|:--------------|------:|---------:|----------:|---------------:|--------:|
| chronos2      |   4   |      3   |       3.8 |            4.6 |     5.6 |
| empirical     |   7.9 |      8.2 |       7.9 |            7.6 |     7.9 |
| ets           |   6.9 |      3.2 |       6.7 |            5.8 |     7.1 |
| hgb_quantile  |   5.2 |      5.8 |       5   |            2.2 |     3.2 |
| lgb_conformal |   2   |      4.6 |       2.4 |            5.6 |     4.6 |
| lgb_quantile  |   4.4 |      6   |       4.6 |            2   |     2   |
| lgb_tweedie   |   3.9 |      4.4 |       2.7 |            4   |     3.5 |
| tsb           |   8.7 |      7.4 |       8.7 |            8.2 |     8.7 |
| tsb_nb        |   2   |      2.4 |       3.2 |            5   |     2.4 |

### Liquidation policies, default scenario (all series)

| model         | policy   |   fill_rate |   stockout_rate_demand_weeks |   inventory_weeks |   excess_weeks_of_demand |   liquidated_share |   liq_series_share |
|:--------------|:---------|------------:|-----------------------------:|------------------:|-------------------------:|-------------------:|-------------------:|
| empirical     | none     |      0.9322 |                       0.1178 |            2.6813 |                   0.7134 |             0      |             0      |
| empirical     | quantile |      0.9322 |                       0.1178 |            2.679  |                   0.713  |             0.0003 |             0.0104 |
| empirical     | fixed    |      0.931  |                       0.1304 |            2.3197 |                   0.4628 |             0.0884 |             0.2674 |
| empirical     | dead13   |      0.9312 |                       0.1327 |            2.4058 |                   0.4726 |             0.0119 |             0.1553 |
| empirical     | dead26   |      0.9318 |                       0.1235 |            2.5249 |                   0.5944 |             0.0063 |             0.0892 |
| tsb           | none     |      0.8776 |                       0.1906 |            0.8274 |                   0.0992 |             0      |             0      |
| tsb           | quantile |      0.8767 |                       0.1961 |            0.7659 |                   0.0807 |             0.0069 |             0.1824 |
| tsb           | fixed    |      0.8773 |                       0.1946 |            0.8115 |                   0.0937 |             0.0028 |             0.1546 |
| tsb           | dead13   |      0.8771 |                       0.1996 |            0.7983 |                   0.0914 |             0.0037 |             0.1606 |
| tsb           | dead26   |      0.8775 |                       0.1922 |            0.824  |                   0.0984 |             0.0005 |             0.0684 |
| tsb_nb        | none     |      0.9509 |                       0.1053 |            1.8562 |                   0.1999 |             0      |             0      |
| tsb_nb        | quantile |      0.9503 |                       0.1102 |            1.7865 |                   0.1821 |             0.0079 |             0.1476 |
| tsb_nb        | fixed    |      0.9505 |                       0.1098 |            1.8155 |                   0.1846 |             0.0063 |             0.1585 |
| tsb_nb        | dead13   |      0.9504 |                       0.1135 |            1.8141 |                   0.1905 |             0.0055 |             0.1533 |
| tsb_nb        | dead26   |      0.9509 |                       0.1064 |            1.8526 |                   0.1995 |             0.0006 |             0.0572 |
| ets           | none     |      0.9554 |                       0.0793 |            2.198  |                   0.4405 |             0      |             0      |
| ets           | quantile |      0.9554 |                       0.0796 |            2.1906 |                   0.4343 |             0.0007 |             0.0178 |
| ets           | fixed    |      0.9543 |                       0.0925 |            2.0092 |                   0.3211 |             0.0506 |             0.3929 |
| ets           | dead13   |      0.9544 |                       0.096  |            2.0398 |                   0.3179 |             0.0087 |             0.1624 |
| ets           | dead26   |      0.955  |                       0.0865 |            2.1167 |                   0.3802 |             0.0033 |             0.1053 |
| lgb_tweedie   | none     |      0.9517 |                       0.0821 |            1.8764 |                   0.2957 |             0      |             0      |
| lgb_tweedie   | quantile |      0.9517 |                       0.0822 |            1.8631 |                   0.2873 |             0.0019 |             0.0107 |
| lgb_tweedie   | fixed    |      0.9512 |                       0.0913 |            1.8054 |                   0.2683 |             0.013  |             0.3771 |
| lgb_tweedie   | dead13   |      0.9509 |                       0.0978 |            1.7776 |                   0.2356 |             0.0078 |             0.1624 |
| lgb_tweedie   | dead26   |      0.9515 |                       0.0883 |            1.8448 |                   0.2818 |             0.0026 |             0.1053 |
| lgb_conformal | none     |      0.965  |                       0.0698 |            2.3583 |                   0.2935 |             0      |             0      |
| lgb_conformal | quantile |      0.9649 |                       0.0702 |            2.3533 |                   0.2909 |             0.0004 |             0.0155 |
| lgb_conformal | fixed    |      0.9642 |                       0.0802 |            2.2694 |                   0.2483 |             0.0184 |             0.3701 |
| lgb_conformal | dead13   |      0.9641 |                       0.0856 |            2.2518 |                   0.2257 |             0.0074 |             0.1624 |
| lgb_conformal | dead26   |      0.9647 |                       0.0763 |            2.3173 |                   0.2733 |             0.0029 |             0.1053 |
| hgb_quantile  | none     |      0.9502 |                       0.0706 |            1.9607 |                   0.2996 |             0      |             0      |
| hgb_quantile  | quantile |      0.9499 |                       0.0711 |            1.9033 |                   0.2627 |             0.0042 |             0.0455 |
| hgb_quantile  | fixed    |      0.9491 |                       0.0827 |            1.8631 |                   0.2477 |             0.0136 |             0.4372 |
| hgb_quantile  | dead13   |      0.9494 |                       0.086  |            1.8826 |                   0.2634 |             0.0075 |             0.1627 |
| hgb_quantile  | dead26   |      0.9499 |                       0.0766 |            1.9377 |                   0.287  |             0.0015 |             0.1054 |
| lgb_quantile  | none     |      0.9523 |                       0.0689 |            2.0393 |                   0.3094 |             0      |             0      |
| lgb_quantile  | quantile |      0.9521 |                       0.0693 |            2.0047 |                   0.2871 |             0.0027 |             0.0302 |
| lgb_quantile  | fixed    |      0.9512 |                       0.0811 |            1.9377 |                   0.2546 |             0.0147 |             0.4383 |
| lgb_quantile  | dead13   |      0.9515 |                       0.0843 |            1.961  |                   0.2729 |             0.0076 |             0.1624 |
| lgb_quantile  | dead26   |      0.952  |                       0.0748 |            2.0175 |                   0.2985 |             0.0016 |             0.1053 |
| chronos2      | none     |      0.9626 |                       0.0555 |            2.4284 |                   0.4563 |             0      |             0      |
| chronos2      | quantile |      0.962  |                       0.056  |            2.3835 |                   0.4329 |             0.004  |             0.0467 |
| chronos2      | fixed    |      0.9612 |                       0.0705 |            2.2244 |                   0.339  |             0.0263 |             0.4484 |
| chronos2      | dead13   |      0.9617 |                       0.0722 |            2.2927 |                   0.3793 |             0.0103 |             0.1631 |
| chronos2      | dead26   |      0.9623 |                       0.0624 |            2.3771 |                   0.4249 |             0.0027 |             0.1056 |

