# Cross-dataset results — test window w26 (generated by code/analyze_results.py)

## M5

### Forecast accuracy (all series)

| model         |   horizon |   SQL |   RMSSE |   cov_0.8 |   cov_0.9 |   cov_0.95 |
|:--------------|----------:|------:|--------:|----------:|----------:|-----------:|
| empirical     |         3 | 0.381 |   0.776 |     0.763 |     0.858 |      0.909 |
| empirical     |        13 | 0.414 |   0.6   |     0.7   |     0.786 |      0.83  |
| tsb           |         3 | 0.296 |   0.595 |     0.733 |     0.802 |      0.846 |
| tsb           |        13 | 0.378 |   0.507 |     0.615 |     0.668 |      0.706 |
| tsb_nb        |         3 | 0.264 |   0.605 |     0.794 |     0.886 |      0.932 |
| tsb_nb        |        13 | 0.338 |   0.51  |     0.667 |     0.747 |      0.802 |
| ets           |         3 | 0.253 |   0.596 |     0.815 |     0.893 |      0.932 |
| ets           |        13 | 0.286 |   0.524 |     0.805 |     0.884 |      0.923 |
| lgb_tweedie   |         3 | 0.244 |   0.572 |     0.779 |     0.86  |      0.905 |
| lgb_tweedie   |        13 | 0.271 |   0.481 |     0.717 |     0.804 |      0.855 |
| lgb_conformal |         3 | 0.246 |   0.579 |     0.799 |     0.902 |      0.952 |
| lgb_conformal |        13 | 0.27  |   0.481 |     0.773 |     0.887 |      0.945 |
| hgb_quantile  |         3 | 0.218 |   0.572 |     0.768 |     0.87  |      0.929 |
| hgb_quantile  |        13 | 0.235 |   0.474 |     0.723 |     0.837 |      0.903 |
| lgb_quantile  |         3 | 0.215 |   0.571 |     0.774 |     0.879 |      0.936 |
| lgb_quantile  |        13 | 0.228 |   0.472 |     0.733 |     0.849 |      0.913 |

### SQL by demand class (h = 3)

| model         |   all |   smooth |   erratic |   intermittent |   lumpy |
|:--------------|------:|---------:|----------:|---------------:|--------:|
| empirical     | 0.381 |    0.215 |     0.247 |          0.637 |   0.47  |
| ets           | 0.253 |    0.169 |     0.185 |          0.382 |   0.294 |
| hgb_quantile  | 0.218 |    0.157 |     0.171 |          0.309 |   0.259 |
| lgb_conformal | 0.246 |    0.167 |     0.182 |          0.365 |   0.292 |
| lgb_quantile  | 0.215 |    0.156 |     0.168 |          0.305 |   0.254 |
| lgb_tweedie   | 0.244 |    0.167 |     0.186 |          0.361 |   0.292 |
| tsb           | 0.296 |    0.196 |     0.227 |          0.451 |   0.334 |
| tsb_nb        | 0.264 |    0.17  |     0.195 |          0.412 |   0.295 |

### Inventory KPIs, default scenario, no liquidation (all series)

| model         |   fill_rate |   stockout_rate_demand_weeks |   inventory_weeks |   excess_weeks_of_demand |   fill_rate_lo |   fill_rate_hi |   inventory_weeks_lo |   inventory_weeks_hi |
|:--------------|------------:|-----------------------------:|------------------:|-------------------------:|---------------:|---------------:|---------------------:|---------------------:|
| empirical     |       0.933 |                        0.118 |             1.956 |                    0.263 |          0.931 |          0.935 |                1.904 |                2.021 |
| tsb           |       0.896 |                        0.153 |             1.114 |                    0.078 |          0.894 |          0.898 |                1.09  |                1.135 |
| tsb_nb        |       0.953 |                        0.085 |             1.785 |                    0.117 |          0.952 |          0.954 |                1.75  |                1.819 |
| ets           |       0.963 |                        0.065 |             2.04  |                    0.175 |          0.962 |          0.964 |                2.001 |                2.078 |
| lgb_tweedie   |       0.949 |                        0.088 |             1.723 |                    0.152 |          0.948 |          0.951 |                1.689 |                1.758 |
| lgb_conformal |       0.967 |                        0.057 |             2.225 |                    0.174 |          0.966 |          0.968 |                2.194 |                2.26  |
| hgb_quantile  |       0.952 |                        0.081 |             1.66  |                    0.148 |          0.951 |          0.953 |                1.628 |                1.691 |
| lgb_quantile  |       0.955 |                        0.077 |             1.678 |                    0.147 |          0.954 |          0.956 |                1.645 |                1.709 |

### fill_rate by demand class (default, no liquidation)

| model         |   all |   smooth |   erratic |   intermittent |   lumpy |
|:--------------|------:|---------:|----------:|---------------:|--------:|
| empirical     | 0.933 |    0.948 |     0.914 |          0.885 |   0.86  |
| ets           | 0.963 |    0.968 |     0.961 |          0.944 |   0.936 |
| hgb_quantile  | 0.952 |    0.958 |     0.933 |          0.94  |   0.925 |
| lgb_conformal | 0.967 |    0.972 |     0.949 |          0.957 |   0.947 |
| lgb_quantile  | 0.955 |    0.96  |     0.936 |          0.944 |   0.931 |
| lgb_tweedie   | 0.949 |    0.956 |     0.933 |          0.935 |   0.916 |
| tsb           | 0.896 |    0.907 |     0.855 |          0.874 |   0.85  |
| tsb_nb        | 0.953 |    0.96  |     0.951 |          0.924 |   0.925 |

### inventory_weeks by demand class (default, no liquidation)

| model         |   all |   smooth |   erratic |   intermittent |   lumpy |
|:--------------|------:|---------:|----------:|---------------:|--------:|
| empirical     | 1.956 |    1.731 |     2.992 |          2.305 |   2.938 |
| ets           | 2.04  |    1.752 |     3.013 |          2.653 |   3.417 |
| hgb_quantile  | 1.66  |    1.43  |     1.976 |          2.403 |   2.765 |
| lgb_conformal | 2.225 |    1.884 |     2.572 |          3.41  |   3.778 |
| lgb_quantile  | 1.678 |    1.439 |     2.006 |          2.443 |   2.848 |
| lgb_tweedie   | 1.723 |    1.488 |     2.238 |          2.383 |   2.81  |
| tsb           | 1.114 |    0.966 |     1.239 |          1.647 |   1.763 |
| tsb_nb        | 1.785 |    1.54  |     2.77  |          2.203 |   3.03  |

### Trade-off: fill rate and inventory (weeks) across target service level τ

| model         |   ('fill_rate', 0.5) |   ('fill_rate', 0.8) |   ('fill_rate', 0.9) |   ('fill_rate', 0.95) |   ('fill_rate', 0.99) |   ('inventory_weeks', 0.5) |   ('inventory_weeks', 0.8) |   ('inventory_weeks', 0.9) |   ('inventory_weeks', 0.95) |   ('inventory_weeks', 0.99) |
|:--------------|---------------------:|---------------------:|---------------------:|----------------------:|----------------------:|---------------------------:|---------------------------:|---------------------------:|----------------------------:|----------------------------:|
| empirical     |                0.723 |                0.884 |                0.933 |                 0.959 |                 0.981 |                      0.637 |                      1.389 |                      1.956 |                       2.516 |                       3.509 |
| ets           |                0.834 |                0.938 |                0.963 |                 0.975 |                 0.987 |                      0.816 |                      1.559 |                      2.04  |                       2.464 |                       3.292 |
| hgb_quantile  |                0.814 |                0.919 |                0.952 |                 0.971 |                 0.99  |                      0.671 |                      1.231 |                      1.66  |                       2.127 |                       3.432 |
| lgb_conformal |                0.807 |                0.934 |                0.967 |                 0.982 |                 0.995 |                      0.671 |                      1.47  |                      2.225 |                       3.126 |                       6.616 |
| lgb_quantile  |                0.813 |                0.921 |                0.955 |                 0.974 |                 0.992 |                      0.664 |                      1.247 |                      1.678 |                       2.147 |                       3.501 |
| lgb_tweedie   |                0.82  |                0.922 |                0.949 |                 0.964 |                 0.98  |                      0.714 |                      1.323 |                      1.723 |                       2.08  |                       2.792 |
| tsb           |                0.82  |                0.874 |                0.896 |                 0.911 |                 0.932 |                      0.712 |                      0.957 |                      1.114 |                       1.258 |                       1.56  |
| tsb_nb        |                0.797 |                0.918 |                0.953 |                 0.971 |                 0.988 |                      0.65  |                      1.273 |                      1.785 |                       2.303 |                       3.493 |

![trade-off](fig_tradeoff_M5_w26.png)

### Inventory (weeks of demand) needed to reach a fill rate — all (— = outside the fill range reached for τ ∈ [0.5, 0.99])

|               |   fill 0.90 |   fill 0.92 |   fill 0.94 |   fill 0.96 |   fill 0.98 |
|:--------------|------------:|------------:|------------:|------------:|------------:|
| empirical     |        1.57 |        1.81 |        2.11 |        2.58 |        3.48 |
| ets           |        1.29 |        1.43 |        1.6  |        1.99 |        2.79 |
| hgb_quantile  |        1.13 |        1.25 |        1.51 |        1.85 |        2.72 |
| lgb_conformal |        1.26 |        1.38 |        1.61 |        2.07 |        3.01 |
| lgb_quantile  |        1.13 |        1.24 |        1.49 |        1.8  |        2.59 |
| lgb_tweedie   |        1.19 |        1.31 |        1.59 |        1.98 |      —    |
| tsb           |        1.15 |        1.39 |      —    |      —    |      —    |
| tsb_nb        |        1.18 |        1.31 |        1.6  |        1.99 |        2.95 |

### Inventory (weeks of demand) needed to reach a fill rate — smooth (— = outside the fill range reached for τ ∈ [0.5, 0.99])

|               |   fill 0.90 |   fill 0.92 |   fill 0.94 |   fill 0.96 |   fill 0.98 |
|:--------------|------------:|------------:|------------:|------------:|------------:|
| empirical     |        1.23 |        1.4  |        1.64 |        2    |        2.75 |
| ets           |        1.05 |        1.18 |        1.31 |        1.61 |        2.17 |
| hgb_quantile  |        0.93 |        1.03 |        1.22 |        1.48 |        2.13 |
| lgb_conformal |        1.02 |        1.14 |        1.27 |        1.64 |        2.31 |
| lgb_quantile  |        0.93 |        1.03 |        1.2  |        1.44 |        2.01 |
| lgb_tweedie   |        0.97 |        1.08 |        1.28 |        1.59 |        2.25 |
| tsb           |        0.92 |        1.09 |      —    |      —    |      —    |
| tsb_nb        |        0.97 |        1.07 |        1.27 |        1.54 |        2.22 |

### Inventory (weeks of demand) needed to reach a fill rate — erratic (— = outside the fill range reached for τ ∈ [0.5, 0.99])

|               |   fill 0.90 |   fill 0.92 |   fill 0.94 |   fill 0.96 |   fill 0.98 |
|:--------------|------------:|------------:|------------:|------------:|------------:|
| empirical     |        2.77 |        3.2  |        3.86 |        4.86 |        6.42 |
| ets           |        1.89 |        2.08 |        2.36 |        3    |        4.33 |
| hgb_quantile  |        1.53 |        1.8  |        2.17 |        2.82 |        4.2  |
| lgb_conformal |        1.63 |        1.97 |        2.38 |        3.09 |        5.12 |
| lgb_quantile  |        1.52 |        1.79 |        2.1  |        2.6  |        3.95 |
| lgb_tweedie   |        1.69 |        2.02 |        2.45 |        3.25 |      —    |
| tsb           |      —    |      —    |      —    |      —    |      —    |
| tsb_nb        |        1.72 |        2.06 |        2.52 |        3.23 |        4.91 |

### Inventory (weeks of demand) needed to reach a fill rate — intermittent (— = outside the fill range reached for τ ∈ [0.5, 0.99])

|               |   fill 0.90 |   fill 0.92 |   fill 0.94 |   fill 0.96 |   fill 0.98 |
|:--------------|------------:|------------:|------------:|------------:|------------:|
| empirical     |        2.53 |        2.83 |        3.3  |        3.83 |      —    |
| ets           |        1.99 |        2.23 |        2.59 |        3.15 |      —    |
| hgb_quantile  |        1.8  |        2.1  |        2.4  |        2.95 |        4.36 |
| lgb_conformal |        2.04 |        2.26 |        2.87 |        3.65 |        8.48 |
| lgb_quantile  |        1.79 |        2.07 |        2.38 |        2.9  |        4.23 |
| lgb_tweedie   |        1.86 |        2.16 |        2.53 |        3.27 |      —    |
| tsb           |        2    |        2.36 |      —    |      —    |      —    |
| tsb_nb        |        1.91 |        2.15 |        2.58 |        3.4  |      —    |

### Inventory (weeks of demand) needed to reach a fill rate — lumpy (— = outside the fill range reached for τ ∈ [0.5, 0.99])

|               |   fill 0.90 |   fill 0.92 |   fill 0.94 |   fill 0.96 |   fill 0.98 |
|:--------------|------------:|------------:|------------:|------------:|------------:|
| empirical     |        3.82 |        4.38 |        5.37 |        6.35 |      —    |
| ets           |        2.56 |        3.02 |        3.59 |        4.67 |      —    |
| hgb_quantile  |        2.35 |        2.69 |        3.25 |        4.24 |        5.91 |
| lgb_conformal |        2.45 |        3.02 |        3.59 |        4.89 |       10.07 |
| lgb_quantile  |        2.33 |        2.66 |        3.13 |        3.81 |        5.63 |
| lgb_tweedie   |        2.52 |        2.94 |        3.6  |      —    |      —    |
| tsb           |        2.47 |      —    |      —    |      —    |      —    |
| tsb_nb        |        2.54 |        2.93 |        3.66 |        5.09 |      —    |

### Frontier rank (mean rank of inventory needed over the fill targets; 1 = least inventory; a model that cannot reach a target shares the last ranks)

|               |   all |   smooth |   erratic |   intermittent |   lumpy |
|:--------------|------:|---------:|----------:|---------------:|--------:|
| empirical     |   7.2 |      7.4 |       6.8 |            7.2 |     6.8 |
| ets           |   5.2 |      5.6 |       4.2 |            4.8 |     5   |
| hgb_quantile  |   1.8 |      1.8 |       2   |            2   |     2   |
| lgb_conformal |   5.6 |      5.4 |       3.8 |            5.6 |     3.8 |
| lgb_quantile  |   1.2 |      1.6 |       1   |            1   |     1   |
| lgb_tweedie   |   4.5 |      4.4 |       5.3 |            4   |     5.5 |
| tsb           |   6.5 |      6   |       7.9 |            7   |     6.7 |
| tsb_nb        |   4   |      3.8 |       5   |            4.4 |     5.2 |

### Liquidation policies, default scenario (all series)

| model         | policy   |   fill_rate |   stockout_rate_demand_weeks |   inventory_weeks |   excess_weeks_of_demand |   liquidated_share |   liq_series_share |
|:--------------|:---------|------------:|-----------------------------:|------------------:|-------------------------:|-------------------:|-------------------:|
| empirical     | none     |      0.933  |                       0.1175 |            1.9561 |                   0.2631 |             0      |             0      |
| empirical     | quantile |      0.9329 |                       0.1176 |            1.9548 |                   0.2629 |             0.0001 |             0.0011 |
| empirical     | fixed    |      0.9305 |                       0.1211 |            1.832  |                   0.1875 |             0.0364 |             0.0694 |
| empirical     | dead13   |      0.9274 |                       0.1263 |            1.7811 |                   0.146  |             0.0102 |             0.0698 |
| empirical     | dead26   |      0.9316 |                       0.1194 |            1.873  |                   0.2131 |             0.0046 |             0.0232 |
| tsb           | none     |      0.8957 |                       0.1527 |            1.1138 |                   0.0784 |             0      |             0      |
| tsb           | quantile |      0.8906 |                       0.1597 |            1.0176 |                   0.0631 |             0.0146 |             0.1659 |
| tsb           | fixed    |      0.8955 |                       0.1533 |            1.1101 |                   0.0781 |             0.0011 |             0.0351 |
| tsb           | dead13   |      0.8933 |                       0.1573 |            1.079  |                   0.0741 |             0.0058 |             0.0702 |
| tsb           | dead26   |      0.8957 |                       0.1529 |            1.1121 |                   0.0782 |             0.0004 |             0.0183 |
| tsb_nb        | none     |      0.953  |                       0.0855 |            1.7851 |                   0.117  |             0      |             0      |
| tsb_nb        | quantile |      0.9491 |                       0.0908 |            1.698  |                   0.1045 |             0.0128 |             0.1337 |
| tsb_nb        | fixed    |      0.9524 |                       0.0865 |            1.7769 |                   0.1165 |             0.0023 |             0.0407 |
| tsb_nb        | dead13   |      0.9502 |                       0.0904 |            1.7398 |                   0.1116 |             0.0076 |             0.0695 |
| tsb_nb        | dead26   |      0.9529 |                       0.0856 |            1.7833 |                   0.117  |             0.0005 |             0.0132 |
| ets           | none     |      0.9628 |                       0.0653 |            2.0402 |                   0.1746 |             0      |             0      |
| ets           | quantile |      0.9627 |                       0.0653 |            2.04   |                   0.1746 |             0      |             0.0004 |
| ets           | fixed    |      0.9612 |                       0.068  |            1.9909 |                   0.1475 |             0.0159 |             0.07   |
| ets           | dead13   |      0.9584 |                       0.0728 |            1.943  |                   0.1278 |             0.0086 |             0.0703 |
| ets           | dead26   |      0.9618 |                       0.0667 |            2.0037 |                   0.1532 |             0.0019 |             0.0235 |
| lgb_tweedie   | none     |      0.9494 |                       0.0875 |            1.7227 |                   0.1524 |             0      |             0      |
| lgb_tweedie   | quantile |      0.9494 |                       0.0875 |            1.7224 |                   0.1522 |             0      |             0.0002 |
| lgb_tweedie   | fixed    |      0.948  |                       0.0902 |            1.6823 |                   0.1378 |             0.0101 |             0.0694 |
| lgb_tweedie   | dead13   |      0.9449 |                       0.0952 |            1.6382 |                   0.1123 |             0.0083 |             0.0715 |
| lgb_tweedie   | dead26   |      0.9487 |                       0.0888 |            1.6969 |                   0.1421 |             0.0021 |             0.0235 |
| lgb_conformal | none     |      0.9669 |                       0.0572 |            2.2249 |                   0.174  |             0      |             0      |
| lgb_conformal | quantile |      0.9668 |                       0.0572 |            2.2237 |                   0.1737 |             0.0002 |             0.002  |
| lgb_conformal | fixed    |      0.9652 |                       0.0599 |            2.1796 |                   0.1554 |             0.011  |             0.0701 |
| lgb_conformal | dead13   |      0.9623 |                       0.0647 |            2.1323 |                   0.1305 |             0.0089 |             0.071  |
| lgb_conformal | dead26   |      0.966  |                       0.0584 |            2.1951 |                   0.1602 |             0.0022 |             0.0235 |
| hgb_quantile  | none     |      0.9519 |                       0.0814 |            1.66   |                   0.1482 |             0      |             0      |
| hgb_quantile  | quantile |      0.9519 |                       0.0814 |            1.659  |                   0.1482 |             0.0002 |             0.0024 |
| hgb_quantile  | fixed    |      0.95   |                       0.085  |            1.6107 |                   0.1304 |             0.0099 |             0.0797 |
| hgb_quantile  | dead13   |      0.9474 |                       0.0892 |            1.5772 |                   0.1119 |             0.0083 |             0.0724 |
| hgb_quantile  | dead26   |      0.9511 |                       0.0828 |            1.632  |                   0.1356 |             0.002  |             0.0241 |
| lgb_quantile  | none     |      0.9551 |                       0.0768 |            1.6778 |                   0.147  |             0      |             0      |
| lgb_quantile  | quantile |      0.955  |                       0.0768 |            1.6767 |                   0.1469 |             0.0001 |             0.0012 |
| lgb_quantile  | fixed    |      0.9531 |                       0.0803 |            1.6269 |                   0.1297 |             0.0108 |             0.0793 |
| lgb_quantile  | dead13   |      0.9505 |                       0.0846 |            1.5949 |                   0.1126 |             0.0082 |             0.073  |
| lgb_quantile  | dead26   |      0.9543 |                       0.0782 |            1.649  |                   0.135  |             0.0018 |             0.0235 |

## VN1

### Forecast accuracy (all series)

| model         |   horizon |   SQL |   RMSSE |   cov_0.8 |   cov_0.9 |   cov_0.95 |
|:--------------|----------:|------:|--------:|----------:|----------:|-----------:|
| empirical     |         3 | 0.966 |   1.037 |     0.854 |     0.91  |      0.94  |
| empirical     |        13 | 1.187 |   0.855 |     0.799 |     0.85  |      0.872 |
| tsb           |         3 | 0.812 |   0.751 |     0.811 |     0.848 |      0.872 |
| tsb           |        13 | 1.039 |   0.638 |     0.72  |     0.751 |      0.774 |
| tsb_nb        |         3 | 0.757 |   0.76  |     0.838 |     0.904 |      0.937 |
| tsb_nb        |        13 | 0.994 |   0.638 |     0.759 |     0.816 |      0.851 |
| ets           |         3 | 0.683 |   0.724 |     0.875 |     0.914 |      0.934 |
| ets           |        13 | 0.919 |   0.651 |     0.852 |     0.891 |      0.912 |
| lgb_tweedie   |         3 | 0.636 |   0.705 |     0.867 |     0.905 |      0.927 |
| lgb_tweedie   |        13 | 0.905 |   0.669 |     0.86  |     0.899 |      0.919 |
| lgb_conformal |         3 | 0.618 |   0.697 |     0.81  |     0.907 |      0.953 |
| lgb_conformal |        13 | 0.937 |   0.652 |     0.824 |     0.921 |      0.962 |
| hgb_quantile  |         3 | 0.548 |   0.692 |     0.838 |     0.909 |      0.947 |
| hgb_quantile  |        13 | 0.801 |   0.609 |     0.811 |     0.892 |      0.938 |
| lgb_quantile  |         3 | 0.539 |   0.681 |     0.839 |     0.911 |      0.951 |
| lgb_quantile  |        13 | 0.79  |   0.6   |     0.818 |     0.902 |      0.944 |

### SQL by demand class (h = 3)

| model         |   all |   smooth |   erratic |   intermittent |   lumpy |
|:--------------|------:|---------:|----------:|---------------:|--------:|
| empirical     | 0.966 |    0.429 |     0.367 |          1.559 |   0.56  |
| ets           | 0.683 |    0.257 |     0.254 |          1.13  |   0.382 |
| hgb_quantile  | 0.548 |    0.233 |     0.208 |          0.911 |   0.27  |
| lgb_conformal | 0.618 |    0.245 |     0.227 |          1.027 |   0.324 |
| lgb_quantile  | 0.539 |    0.231 |     0.206 |          0.895 |   0.262 |
| lgb_tweedie   | 0.636 |    0.252 |     0.233 |          1.068 |   0.311 |
| tsb           | 0.812 |    0.297 |     0.281 |          1.381 |   0.393 |
| tsb_nb        | 0.757 |    0.25  |     0.248 |          1.316 |   0.339 |

### Inventory KPIs, default scenario, no liquidation (all series)

| model         |   fill_rate |   stockout_rate_demand_weeks |   inventory_weeks |   excess_weeks_of_demand |   fill_rate_lo |   fill_rate_hi |   inventory_weeks_lo |   inventory_weeks_hi |
|:--------------|------------:|-----------------------------:|------------------:|-------------------------:|---------------:|---------------:|---------------------:|---------------------:|
| empirical     |       0.932 |                        0.118 |             2.681 |                    0.713 |          0.925 |          0.939 |                2.441 |                2.919 |
| tsb           |       0.878 |                        0.191 |             0.827 |                    0.099 |          0.87  |          0.884 |                0.773 |                0.885 |
| tsb_nb        |       0.951 |                        0.105 |             1.856 |                    0.2   |          0.945 |          0.955 |                1.75  |                1.967 |
| ets           |       0.955 |                        0.079 |             2.198 |                    0.441 |          0.95  |          0.959 |                2.021 |                2.361 |
| lgb_tweedie   |       0.952 |                        0.082 |             1.876 |                    0.296 |          0.947 |          0.956 |                1.757 |                2.016 |
| lgb_conformal |       0.965 |                        0.07  |             2.358 |                    0.293 |          0.96  |          0.969 |                2.23  |                2.492 |
| hgb_quantile  |       0.95  |                        0.071 |             1.961 |                    0.3   |          0.945 |          0.954 |                1.824 |                2.094 |
| lgb_quantile  |       0.952 |                        0.069 |             2.039 |                    0.309 |          0.947 |          0.956 |                1.898 |                2.194 |

### fill_rate by demand class (default, no liquidation)

| model         |   all |   smooth |   erratic |   intermittent |   lumpy |
|:--------------|------:|---------:|----------:|---------------:|--------:|
| empirical     | 0.932 |    0.953 |     0.924 |          0.859 |   0.874 |
| ets           | 0.955 |    0.964 |     0.951 |          0.925 |   0.939 |
| hgb_quantile  | 0.95  |    0.958 |     0.936 |          0.942 |   0.95  |
| lgb_conformal | 0.965 |    0.973 |     0.951 |          0.953 |   0.961 |
| lgb_quantile  | 0.952 |    0.959 |     0.938 |          0.945 |   0.955 |
| lgb_tweedie   | 0.952 |    0.957 |     0.947 |          0.935 |   0.946 |
| tsb           | 0.878 |    0.893 |     0.86  |          0.853 |   0.849 |
| tsb_nb        | 0.951 |    0.96  |     0.943 |          0.913 |   0.942 |

### inventory_weeks by demand class (default, no liquidation)

| model         |   all |   smooth |   erratic |   intermittent |   lumpy |
|:--------------|------:|---------:|----------:|---------------:|--------:|
| empirical     | 2.681 |    2.045 |     3.562 |          2.996 |   3.928 |
| ets           | 2.198 |    1.453 |     3.26  |          2.288 |   3.765 |
| hgb_quantile  | 1.961 |    1.418 |     2.49  |          2.605 |   3.422 |
| lgb_conformal | 2.358 |    1.723 |     2.873 |          3.417 |   4.164 |
| lgb_quantile  | 2.039 |    1.468 |     2.62  |          2.661 |   3.551 |
| lgb_tweedie   | 1.876 |    1.366 |     2.461 |          2.326 |   3.105 |
| tsb           | 0.827 |    0.629 |     1.027 |          1.165 |   1.274 |
| tsb_nb        | 1.856 |    1.344 |     2.591 |          1.926 |   2.917 |

### Trade-off: fill rate and inventory (weeks) across target service level τ

| model         |   ('fill_rate', 0.5) |   ('fill_rate', 0.8) |   ('fill_rate', 0.9) |   ('fill_rate', 0.95) |   ('fill_rate', 0.99) |   ('inventory_weeks', 0.5) |   ('inventory_weeks', 0.8) |   ('inventory_weeks', 0.9) |   ('inventory_weeks', 0.95) |   ('inventory_weeks', 0.99) |
|:--------------|---------------------:|---------------------:|---------------------:|----------------------:|----------------------:|---------------------------:|---------------------------:|---------------------------:|----------------------------:|----------------------------:|
| empirical     |                0.681 |                0.877 |                0.932 |                 0.957 |                 0.977 |                      0.681 |                      1.683 |                      2.681 |                       3.793 |                       5.636 |
| ets           |                0.852 |                0.935 |                0.955 |                 0.966 |                 0.978 |                      0.767 |                      1.656 |                      2.198 |                       2.665 |                       3.566 |
| hgb_quantile  |                0.825 |                0.918 |                0.95  |                 0.967 |                 0.988 |                      0.631 |                      1.34  |                      1.961 |                       2.668 |                       5.193 |
| lgb_conformal |                0.802 |                0.925 |                0.965 |                 0.981 |                 0.995 |                      0.638 |                      1.331 |                      2.358 |                       3.784 |                       9.074 |
| lgb_quantile  |                0.83  |                0.919 |                0.952 |                 0.971 |                 0.992 |                      0.638 |                      1.357 |                      2.039 |                       2.746 |                       5.302 |
| lgb_tweedie   |                0.847 |                0.93  |                0.952 |                 0.964 |                 0.978 |                      0.773 |                      1.447 |                      1.876 |                       2.255 |                       3     |
| tsb           |                0.847 |                0.868 |                0.878 |                 0.885 |                 0.897 |                      0.649 |                      0.761 |                      0.827 |                       0.887 |                       1.007 |
| tsb_nb        |                0.81  |                0.92  |                0.951 |                 0.966 |                 0.983 |                      0.542 |                      1.223 |                      1.856 |                       2.557 |                       4.435 |

![trade-off](fig_tradeoff_VN1_w26.png)

### Inventory (weeks of demand) needed to reach a fill rate — all (— = outside the fill range reached for τ ∈ [0.5, 0.99])

|               |   fill 0.90 |   fill 0.92 |   fill 0.94 |   fill 0.96 |   fill 0.98 |
|:--------------|------------:|------------:|------------:|------------:|------------:|
| empirical     |        2.1  |        2.46 |        3.03 |        4.05 |      —    |
| ets           |        1.28 |        1.49 |        1.78 |        2.4  |      —    |
| hgb_quantile  |        1.21 |        1.38 |        1.77 |        2.37 |        4.19 |
| lgb_conformal |        1.19 |        1.3  |        1.71 |        2.23 |        3.67 |
| lgb_quantile  |        1.2  |        1.38 |        1.79 |        2.33 |        3.87 |
| lgb_tweedie   |        1.21 |        1.37 |        1.65 |        2.13 |      —    |
| tsb           |      —    |      —    |      —    |      —    |      —    |
| tsb_nb        |        1.1  |        1.22 |        1.63 |        2.27 |        4.1  |

### Inventory (weeks of demand) needed to reach a fill rate — smooth (— = outside the fill range reached for τ ∈ [0.5, 0.99])

|               |   fill 0.90 |   fill 0.92 |   fill 0.94 |   fill 0.96 |   fill 0.98 |
|:--------------|------------:|------------:|------------:|------------:|------------:|
| empirical     |        1.33 |        1.47 |        1.82 |        2.29 |        3.31 |
| ets           |        0.8  |        0.94 |        1.08 |        1.39 |        2.14 |
| hgb_quantile  |        0.82 |        0.93 |        1.16 |        1.49 |        2.45 |
| lgb_conformal |        0.86 |        0.97 |        1.08 |        1.43 |        2.07 |
| lgb_quantile  |        0.83 |        0.95 |        1.18 |        1.48 |        2.15 |
| lgb_tweedie   |        0.81 |        0.94 |        1.1  |        1.44 |        2.13 |
| tsb           |        0.67 |      —    |      —    |      —    |      —    |
| tsb_nb        |        0.75 |        0.86 |        1.02 |        1.34 |        2.17 |

### Inventory (weeks of demand) needed to reach a fill rate — erratic (— = outside the fill range reached for τ ∈ [0.5, 0.99])

|               |   fill 0.90 |   fill 0.92 |   fill 0.94 |   fill 0.96 |   fill 0.98 |
|:--------------|------------:|------------:|------------:|------------:|------------:|
| empirical     |        3.03 |        3.47 |        4.51 |        5.91 |      —    |
| ets           |        1.95 |        2.26 |        2.82 |        3.88 |      —    |
| hgb_quantile  |        1.67 |        2.11 |        2.7  |        4.17 |        6.72 |
| lgb_conformal |        1.58 |        1.9  |        2.53 |        3.63 |        6.73 |
| lgb_quantile  |        1.67 |        2.14 |        2.74 |        3.97 |        6.22 |
| lgb_tweedie   |        1.66 |        1.86 |        2.3  |        3    |      —    |
| tsb           |      —    |      —    |      —    |      —    |      —    |
| tsb_nb        |        1.59 |        2.02 |        2.51 |        3.64 |        6.79 |

### Inventory (weeks of demand) needed to reach a fill rate — intermittent (— = outside the fill range reached for τ ∈ [0.5, 0.99])

|               |   fill 0.90 |   fill 0.92 |   fill 0.94 |   fill 0.96 |   fill 0.98 |
|:--------------|------------:|------------:|------------:|------------:|------------:|
| empirical     |        3.68 |        4.2  |        4.8  |      —    |      —    |
| ets           |        1.76 |        2.18 |        2.87 |      —    |      —    |
| hgb_quantile  |        1.7  |        2.01 |        2.54 |        3.8  |        7.52 |
| lgb_conformal |        2.26 |        2.7  |        3.14 |        4.68 |       14.14 |
| lgb_quantile  |        1.7  |        2.02 |        2.53 |        3.46 |        6.98 |
| lgb_tweedie   |        1.74 |        2    |        2.51 |      —    |      —    |
| tsb           |      —    |      —    |      —    |      —    |      —    |
| tsb_nb        |        1.68 |        2.16 |        3.11 |      —    |      —    |

### Inventory (weeks of demand) needed to reach a fill rate — lumpy (— = outside the fill range reached for τ ∈ [0.5, 0.99])

|               |   fill 0.90 |   fill 0.92 |   fill 0.94 |   fill 0.96 |   fill 0.98 |
|:--------------|------------:|------------:|------------:|------------:|------------:|
| empirical     |        5.14 |        6.07 |        7.85 |       10.02 |      —    |
| ets           |        2.52 |        2.94 |        3.87 |        5.57 |      —    |
| hgb_quantile  |        2.23 |        2.6  |        3.15 |        4.08 |        6.88 |
| lgb_conformal |        2.27 |        2.89 |        3.51 |        4.13 |        7.63 |
| lgb_quantile  |        2.16 |        2.46 |        3.08 |        3.89 |        6.33 |
| lgb_tweedie   |        2.23 |        2.48 |        2.97 |        3.81 |      —    |
| tsb           |      —    |      —    |      —    |      —    |      —    |
| tsb_nb        |        1.75 |        2.29 |        2.87 |        4.15 |        8.24 |

### Frontier rank (mean rank of inventory needed over the fill targets; 1 = least inventory; a model that cannot reach a target shares the last ranks)

|               |   all |   smooth |   erratic |   intermittent |   lumpy |
|:--------------|------:|---------:|----------:|---------------:|--------:|
| empirical     |   6.9 |      7.2 |       6.9 |            6.6 |     6.9 |
| ets           |   5.9 |      2.6 |       5.7 |            5.2 |     6.1 |
| hgb_quantile  |   4.4 |      4.8 |       4.2 |            2.2 |     3.2 |
| lgb_conformal |   2   |      4   |       2.2 |            4.8 |     4.4 |
| lgb_quantile  |   3.8 |      5.2 |       4   |            2   |     2   |
| lgb_tweedie   |   3.5 |      3.6 |       2.5 |            3.6 |     3.3 |
| tsb           |   7.7 |      6.6 |       7.7 |            7.2 |     7.7 |
| tsb_nb        |   1.8 |      2   |       2.8 |            4.4 |     2.4 |

### Liquidation policies, default scenario (all series)

| model         | policy   |   fill_rate |   stockout_rate_demand_weeks |   inventory_weeks |   excess_weeks_of_demand |   liquidated_share |   liq_series_share |
|:--------------|:---------|------------:|-----------------------------:|------------------:|-------------------------:|-------------------:|-------------------:|
| empirical     | none     |      0.9322 |                       0.1178 |            2.6813 |                   0.7134 |             0      |             0      |
| empirical     | quantile |      0.9322 |                       0.1178 |            2.679  |                   0.713  |             0.0003 |             0.0104 |
| empirical     | fixed    |      0.931  |                       0.1304 |            2.3197 |                   0.4628 |             0.0884 |             0.2674 |
| empirical     | dead13   |      0.9312 |                       0.1327 |            2.4058 |                   0.4726 |             0.0119 |             0.1553 |
| empirical     | dead26   |      0.9318 |                       0.1235 |            2.5249 |                   0.5944 |             0.0063 |             0.0892 |
| tsb           | none     |      0.8776 |                       0.1906 |            0.8274 |                   0.0992 |             0      |             0      |
| tsb           | quantile |      0.8767 |                       0.1961 |            0.7659 |                   0.0807 |             0.0069 |             0.1824 |
| tsb           | fixed    |      0.8773 |                       0.1946 |            0.8115 |                   0.0937 |             0.0028 |             0.1546 |
| tsb           | dead13   |      0.8771 |                       0.1996 |            0.7983 |                   0.0914 |             0.0037 |             0.1606 |
| tsb           | dead26   |      0.8775 |                       0.1922 |            0.824  |                   0.0984 |             0.0005 |             0.0684 |
| tsb_nb        | none     |      0.9509 |                       0.1053 |            1.8562 |                   0.1999 |             0      |             0      |
| tsb_nb        | quantile |      0.9503 |                       0.1102 |            1.7865 |                   0.1821 |             0.0079 |             0.1476 |
| tsb_nb        | fixed    |      0.9505 |                       0.1098 |            1.8155 |                   0.1846 |             0.0063 |             0.1585 |
| tsb_nb        | dead13   |      0.9504 |                       0.1135 |            1.8141 |                   0.1905 |             0.0055 |             0.1533 |
| tsb_nb        | dead26   |      0.9509 |                       0.1064 |            1.8526 |                   0.1995 |             0.0006 |             0.0572 |
| ets           | none     |      0.9554 |                       0.0793 |            2.198  |                   0.4405 |             0      |             0      |
| ets           | quantile |      0.9554 |                       0.0796 |            2.1906 |                   0.4343 |             0.0007 |             0.0178 |
| ets           | fixed    |      0.9543 |                       0.0925 |            2.0092 |                   0.3211 |             0.0506 |             0.3929 |
| ets           | dead13   |      0.9544 |                       0.096  |            2.0398 |                   0.3179 |             0.0087 |             0.1624 |
| ets           | dead26   |      0.955  |                       0.0865 |            2.1167 |                   0.3802 |             0.0033 |             0.1053 |
| lgb_tweedie   | none     |      0.9517 |                       0.0821 |            1.8764 |                   0.2957 |             0      |             0      |
| lgb_tweedie   | quantile |      0.9517 |                       0.0822 |            1.8631 |                   0.2873 |             0.0019 |             0.0107 |
| lgb_tweedie   | fixed    |      0.9512 |                       0.0913 |            1.8054 |                   0.2683 |             0.013  |             0.3771 |
| lgb_tweedie   | dead13   |      0.9509 |                       0.0978 |            1.7776 |                   0.2356 |             0.0078 |             0.1624 |
| lgb_tweedie   | dead26   |      0.9515 |                       0.0883 |            1.8448 |                   0.2818 |             0.0026 |             0.1053 |
| lgb_conformal | none     |      0.965  |                       0.0698 |            2.3583 |                   0.2935 |             0      |             0      |
| lgb_conformal | quantile |      0.9649 |                       0.0702 |            2.3533 |                   0.2909 |             0.0004 |             0.0155 |
| lgb_conformal | fixed    |      0.9642 |                       0.0802 |            2.2694 |                   0.2483 |             0.0184 |             0.3701 |
| lgb_conformal | dead13   |      0.9641 |                       0.0856 |            2.2518 |                   0.2257 |             0.0074 |             0.1624 |
| lgb_conformal | dead26   |      0.9647 |                       0.0763 |            2.3173 |                   0.2733 |             0.0029 |             0.1053 |
| hgb_quantile  | none     |      0.9502 |                       0.0706 |            1.9607 |                   0.2996 |             0      |             0      |
| hgb_quantile  | quantile |      0.9499 |                       0.0711 |            1.9033 |                   0.2627 |             0.0042 |             0.0455 |
| hgb_quantile  | fixed    |      0.9491 |                       0.0827 |            1.8631 |                   0.2477 |             0.0136 |             0.4372 |
| hgb_quantile  | dead13   |      0.9494 |                       0.086  |            1.8826 |                   0.2634 |             0.0075 |             0.1627 |
| hgb_quantile  | dead26   |      0.9499 |                       0.0766 |            1.9377 |                   0.287  |             0.0015 |             0.1054 |
| lgb_quantile  | none     |      0.9523 |                       0.0689 |            2.0393 |                   0.3094 |             0      |             0      |
| lgb_quantile  | quantile |      0.9521 |                       0.0693 |            2.0047 |                   0.2871 |             0.0027 |             0.0302 |
| lgb_quantile  | fixed    |      0.9512 |                       0.0811 |            1.9377 |                   0.2546 |             0.0147 |             0.4383 |
| lgb_quantile  | dead13   |      0.9515 |                       0.0843 |            1.961  |                   0.2729 |             0.0076 |             0.1624 |
| lgb_quantile  | dead26   |      0.952  |                       0.0748 |            2.0175 |                   0.2985 |             0.0016 |             0.1053 |

## Ranking consistency M5 vs VN1 (Spearman ρ of fill-rate ranks across models)

| group | ρ | models |
|---|---|---|
| all | 0.93 | 8 |
| smooth | 0.98 | 8 |
| erratic | 0.83 | 8 |
| intermittent | 0.93 | 8 |
| lumpy | 0.69 | 8 |

## Ranking consistency M5 vs VN1 (Spearman ρ of frontier ranks)

| group | ρ | p |
|---|---|---|
| all | 0.50 | 0.207 |
| smooth | 0.33 | 0.420 |
| erratic | 0.45 | 0.260 |
| intermittent | 0.95 | 0.000 |
| lumpy | 0.71 | 0.047 |

