# Cross-dataset results (generated by code/analyze_results.py)

## M5

### Forecast accuracy (all series)

| model         |   horizon |   SQL |   RMSSE |   cov_0.8 |   cov_0.9 |   cov_0.95 |
|:--------------|----------:|------:|--------:|----------:|----------:|-----------:|
| empirical     |         3 | 0.34  |   0.765 |     0.757 |     0.855 |      0.907 |
| empirical     |        13 | 0.347 |   0.584 |     0.691 |     0.784 |      0.832 |
| tsb           |         3 | 0.283 |   0.596 |     0.723 |     0.793 |      0.839 |
| tsb           |        13 | 0.361 |   0.503 |     0.581 |     0.637 |      0.678 |
| tsb_nb        |         3 | 0.251 |   0.61  |     0.787 |     0.881 |      0.928 |
| tsb_nb        |        13 | 0.317 |   0.508 |     0.638 |     0.724 |      0.782 |
| ets           |         3 | 0.246 |   0.601 |     0.81  |     0.89  |      0.931 |
| ets           |        13 | 0.254 |   0.526 |     0.793 |     0.882 |      0.925 |
| lgb_tweedie   |         3 | 0.226 |   0.567 |     0.779 |     0.86  |      0.904 |
| lgb_tweedie   |        13 | 0.215 |   0.46  |     0.737 |     0.828 |      0.877 |
| lgb_conformal |         3 | 0.229 |   0.574 |     0.797 |     0.899 |      0.949 |
| lgb_conformal |        13 | 0.231 |   0.461 |     0.807 |     0.909 |      0.956 |
| hgb_quantile  |         3 | 0.211 |   0.572 |     0.769 |     0.872 |      0.929 |
| hgb_quantile  |        13 | 0.201 |   0.455 |     0.733 |     0.851 |      0.915 |
| lgb_quantile  |         3 | 0.208 |   0.57  |     0.775 |     0.883 |      0.939 |
| lgb_quantile  |        13 | 0.198 |   0.452 |     0.74  |     0.864 |      0.936 |

### SQL by demand class (h = 3)

| model         |   all |   smooth |   erratic |   intermittent |   lumpy |
|:--------------|------:|---------:|----------:|---------------:|--------:|
| empirical     | 0.34  |    0.208 |     0.23  |          0.556 |   0.384 |
| ets           | 0.246 |    0.168 |     0.178 |          0.376 |   0.261 |
| hgb_quantile  | 0.211 |    0.157 |     0.162 |          0.3   |   0.236 |
| lgb_conformal | 0.229 |    0.166 |     0.169 |          0.332 |   0.262 |
| lgb_quantile  | 0.208 |    0.155 |     0.16  |          0.295 |   0.232 |
| lgb_tweedie   | 0.226 |    0.165 |     0.173 |          0.326 |   0.251 |
| tsb           | 0.283 |    0.196 |     0.215 |          0.425 |   0.309 |
| tsb_nb        | 0.251 |    0.172 |     0.189 |          0.381 |   0.27  |

### Inventory KPIs, default scenario, no liquidation (all series)

| model         |   fill_rate |   stockout_rate_demand_weeks |   inventory_weeks |   excess_weeks_of_demand |   fill_rate_lo |   fill_rate_hi |   inventory_weeks_lo |   inventory_weeks_hi |
|:--------------|------------:|-----------------------------:|------------------:|-------------------------:|---------------:|---------------:|---------------------:|---------------------:|
| empirical     |       0.935 |                        0.117 |             1.776 |                    0.142 |          0.933 |          0.937 |                1.733 |                1.82  |
| tsb           |       0.891 |                        0.158 |             0.999 |                    0.035 |          0.889 |          0.893 |                0.982 |                1.016 |
| tsb_nb        |       0.95  |                        0.088 |             1.65  |                    0.064 |          0.949 |          0.952 |                1.625 |                1.672 |
| ets           |       0.96  |                        0.067 |             1.869 |                    0.088 |          0.959 |          0.961 |                1.84  |                1.895 |
| lgb_tweedie   |       0.947 |                        0.086 |             1.588 |                    0.073 |          0.945 |          0.949 |                1.563 |                1.618 |
| lgb_conformal |       0.965 |                        0.057 |             2.041 |                    0.076 |          0.964 |          0.967 |                2.016 |                2.067 |
| hgb_quantile  |       0.951 |                        0.079 |             1.526 |                    0.07  |          0.95  |          0.952 |                1.504 |                1.551 |
| lgb_quantile  |       0.956 |                        0.072 |             1.581 |                    0.079 |          0.954 |          0.957 |                1.554 |                1.611 |

### fill_rate by demand class (default, no liquidation)

| model         |   all |   smooth |   erratic |   intermittent |   lumpy |
|:--------------|------:|---------:|----------:|---------------:|--------:|
| empirical     | 0.935 |    0.95  |     0.934 |          0.884 |   0.851 |
| ets           | 0.96  |    0.966 |     0.961 |          0.938 |   0.934 |
| hgb_quantile  | 0.951 |    0.957 |     0.933 |          0.937 |   0.921 |
| lgb_conformal | 0.965 |    0.971 |     0.958 |          0.952 |   0.938 |
| lgb_quantile  | 0.956 |    0.961 |     0.939 |          0.944 |   0.928 |
| lgb_tweedie   | 0.947 |    0.954 |     0.932 |          0.93  |   0.917 |
| tsb           | 0.891 |    0.903 |     0.85  |          0.868 |   0.833 |
| tsb_nb        | 0.95  |    0.958 |     0.95  |          0.92  |   0.918 |

### inventory_weeks by demand class (default, no liquidation)

| model         |   all |   smooth |   erratic |   intermittent |   lumpy |
|:--------------|------:|---------:|----------:|---------------:|--------:|
| empirical     | 1.776 |    1.625 |     2.85  |          1.837 |   2.263 |
| ets           | 1.869 |    1.647 |     2.914 |          2.133 |   2.956 |
| hgb_quantile  | 1.526 |    1.337 |     2.009 |          1.936 |   2.497 |
| lgb_conformal | 2.041 |    1.79  |     2.494 |          2.699 |   3.225 |
| lgb_quantile  | 1.581 |    1.376 |     2.136 |          2.013 |   2.616 |
| lgb_tweedie   | 1.588 |    1.413 |     2.078 |          1.939 |   2.521 |
| tsb           | 0.999 |    0.893 |     1.139 |          1.301 |   1.517 |
| tsb_nb        | 1.65  |    1.457 |     2.654 |          1.807 |   2.697 |

### Trade-off: fill rate and inventory (weeks) across target service level τ

| model         |   ('fill_rate', 0.8) |   ('fill_rate', 0.9) |   ('fill_rate', 0.95) |   ('inventory_weeks', 0.8) |   ('inventory_weeks', 0.9) |   ('inventory_weeks', 0.95) |
|:--------------|---------------------:|---------------------:|----------------------:|---------------------------:|---------------------------:|----------------------------:|
| empirical     |                0.886 |                0.935 |                 0.959 |                      1.265 |                      1.776 |                       2.275 |
| ets           |                0.934 |                0.96  |                 0.973 |                      1.409 |                      1.869 |                       2.275 |
| hgb_quantile  |                0.918 |                0.951 |                 0.97  |                      1.124 |                      1.526 |                       1.968 |
| lgb_conformal |                0.932 |                0.965 |                 0.981 |                      1.344 |                      2.041 |                       2.861 |
| lgb_quantile  |                0.921 |                0.956 |                 0.974 |                      1.131 |                      1.581 |                       2.048 |
| lgb_tweedie   |                0.918 |                0.947 |                 0.962 |                      1.213 |                      1.588 |                       1.926 |
| tsb           |                0.868 |                0.891 |                 0.906 |                      0.848 |                      0.999 |                       1.139 |
| tsb_nb        |                0.913 |                0.95  |                 0.969 |                      1.148 |                      1.65  |                       2.161 |

![trade-off](fig_tradeoff_M5.png)

### Inventory (weeks of demand) needed to reach a fill rate — all (— = not reached for τ ∈ [0.8, 0.95])

|               |   fill 0.90 |   fill 0.92 |   fill 0.94 |   fill 0.96 |
|:--------------|------------:|------------:|------------:|------------:|
| empirical     |        1.41 |        1.62 |        1.88 |      —    |
| ets           |      —    |      —    |        1.52 |        1.87 |
| hgb_quantile  |      —    |        1.15 |        1.39 |        1.74 |
| lgb_conformal |      —    |      —    |        1.52 |        1.93 |
| lgb_quantile  |      —    |      —    |        1.38 |        1.69 |
| lgb_tweedie   |      —    |        1.23 |        1.5  |        1.88 |
| tsb           |        1.08 |      —    |      —    |      —    |
| tsb_nb        |      —    |        1.24 |        1.51 |        1.92 |

### Inventory (weeks of demand) needed to reach a fill rate — smooth (— = not reached for τ ∈ [0.8, 0.95])

|               |   fill 0.90 |   fill 0.92 |   fill 0.94 |   fill 0.96 |
|:--------------|------------:|------------:|------------:|------------:|
| empirical     |      —    |        1.25 |        1.5  |        1.84 |
| ets           |      —    |      —    |      —    |        1.54 |
| hgb_quantile  |      —    |      —    |        1.14 |        1.4  |
| lgb_conformal |      —    |      —    |      —    |        1.58 |
| lgb_quantile  |      —    |      —    |        1.12 |        1.36 |
| lgb_tweedie   |      —    |      —    |        1.24 |        1.55 |
| tsb           |        0.87 |      —    |      —    |      —    |
| tsb_nb        |      —    |      —    |        1.22 |        1.5  |

### Inventory (weeks of demand) needed to reach a fill rate — erratic (— = not reached for τ ∈ [0.8, 0.95])

|               |   fill 0.90 |   fill 0.92 |   fill 0.94 |   fill 0.96 |
|:--------------|------------:|------------:|------------:|------------:|
| empirical     |        2.25 |        2.6  |        3.09 |        3.94 |
| ets           |      —    |      —    |        2.33 |        2.89 |
| hgb_quantile  |        1.56 |        1.83 |        2.19 |      —    |
| lgb_conformal |      —    |        1.8  |        2.17 |        2.61 |
| lgb_quantile  |      —    |        1.81 |        2.16 |        2.72 |
| lgb_tweedie   |        1.59 |        1.89 |        2.28 |      —    |
| tsb           |      —    |      —    |      —    |      —    |
| tsb_nb        |        1.63 |        2.04 |        2.45 |        3.15 |

### Inventory (weeks of demand) needed to reach a fill rate — intermittent (— = not reached for τ ∈ [0.8, 0.95])

|               |   fill 0.90 |   fill 0.92 |   fill 0.94 |   fill 0.96 |
|:--------------|------------:|------------:|------------:|------------:|
| empirical     |        2.03 |        2.26 |      —    |      —    |
| ets           |      —    |        1.88 |        2.19 |      —    |
| hgb_quantile  |        1.45 |        1.72 |        2.01 |        2.49 |
| lgb_conformal |      —    |        1.92 |        2.41 |        3.22 |
| lgb_quantile  |      —    |        1.69 |        1.96 |        2.44 |
| lgb_tweedie   |        1.53 |        1.8  |        2.16 |      —    |
| tsb           |      —    |      —    |      —    |      —    |
| tsb_nb        |        1.58 |        1.81 |        2.21 |      —    |

### Inventory (weeks of demand) needed to reach a fill rate — lumpy (— = not reached for τ ∈ [0.8, 0.95])

|               |   fill 0.90 |   fill 0.92 |   fill 0.94 |   fill 0.96 |
|:--------------|------------:|------------:|------------:|------------:|
| empirical     |        3.1  |      —    |      —    |      —    |
| ets           |        2.27 |        2.67 |        3.16 |      —    |
| hgb_quantile  |        2.18 |        2.48 |        3.04 |      —    |
| lgb_conformal |        2.34 |        2.81 |        3.39 |        4.82 |
| lgb_quantile  |        2.15 |        2.49 |        3    |      —    |
| lgb_tweedie   |        2.23 |        2.6  |      —    |      —    |
| tsb           |      —    |      —    |      —    |      —    |
| tsb_nb        |        2.4  |        2.78 |        3.55 |      —    |

### Liquidation policies, default scenario (all series)

| model         | policy   |   fill_rate |   stockout_rate_demand_weeks |   inventory_weeks |   excess_weeks_of_demand |   liquidated_share |   liq_series_share |
|:--------------|:---------|------------:|-----------------------------:|------------------:|-------------------------:|-------------------:|-------------------:|
| empirical     | none     |      0.9349 |                       0.1166 |            1.7764 |                   0.1424 |             0      |             0      |
| empirical     | quantile |      0.9349 |                       0.1166 |            1.7757 |                   0.142  |             0.0001 |             0.0008 |
| empirical     | fixed    |      0.9308 |                       0.122  |            1.7084 |                   0.1182 |             0.0205 |             0.0633 |
| tsb           | none     |      0.8909 |                       0.158  |            0.9993 |                   0.0347 |             0      |             0      |
| tsb           | quantile |      0.8856 |                       0.165  |            0.9364 |                   0.0301 |             0.0109 |             0.1413 |
| tsb           | fixed    |      0.8906 |                       0.1586 |            0.9974 |                   0.0346 |             0.0006 |             0.0229 |
| tsb_nb        | none     |      0.9501 |                       0.0877 |            1.6498 |                   0.0636 |             0      |             0      |
| tsb_nb        | quantile |      0.9453 |                       0.0931 |            1.591  |                   0.0582 |             0.0107 |             0.116  |
| tsb_nb        | fixed    |      0.9492 |                       0.0889 |            1.6435 |                   0.0632 |             0.0017 |             0.0367 |
| ets           | none     |      0.9601 |                       0.0666 |            1.8691 |                   0.0881 |             0      |             0      |
| ets           | quantile |      0.9601 |                       0.0666 |            1.869  |                   0.0881 |             0      |             0.0002 |
| ets           | fixed    |      0.9577 |                       0.0706 |            1.8445 |                   0.0809 |             0.0082 |             0.0607 |
| lgb_tweedie   | none     |      0.947  |                       0.0856 |            1.5881 |                   0.073  |             0      |             0      |
| lgb_tweedie   | quantile |      0.947  |                       0.0856 |            1.5874 |                   0.0724 |             0.0001 |             0.0003 |
| lgb_tweedie   | fixed    |      0.9449 |                       0.0893 |            1.5687 |                   0.069  |             0.0053 |             0.0603 |
| lgb_conformal | none     |      0.9654 |                       0.0572 |            2.0412 |                   0.0758 |             0      |             0      |
| lgb_conformal | quantile |      0.9654 |                       0.0573 |            2.0409 |                   0.0757 |             0      |             0.0005 |
| lgb_conformal | fixed    |      0.9633 |                       0.0609 |            2.0209 |                   0.0713 |             0.0055 |             0.0611 |
| hgb_quantile  | none     |      0.9508 |                       0.0786 |            1.5257 |                   0.0696 |             0      |             0      |
| hgb_quantile  | quantile |      0.9508 |                       0.0786 |            1.5247 |                   0.0691 |             0.0001 |             0.0002 |
| hgb_quantile  | fixed    |      0.9482 |                       0.0835 |            1.4984 |                   0.0648 |             0.0073 |             0.0694 |
| lgb_quantile  | none     |      0.9557 |                       0.0722 |            1.5809 |                   0.0794 |             0      |             0      |
| lgb_quantile  | quantile |      0.9557 |                       0.0722 |            1.5792 |                   0.0789 |             0.0002 |             0.0004 |
| lgb_quantile  | fixed    |      0.9528 |                       0.0773 |            1.5449 |                   0.0691 |             0.0079 |             0.0703 |

## VN1

### Forecast accuracy (all series)

| model         |   horizon |   SQL |   RMSSE |   cov_0.8 |   cov_0.9 |   cov_0.95 |
|:--------------|----------:|------:|--------:|----------:|----------:|-----------:|
| empirical     |         3 | 0.522 |   0.799 |     0.856 |     0.909 |      0.94  |
| empirical     |        13 | 0.557 |   0.636 |     0.806 |     0.855 |      0.875 |
| tsb           |         3 | 0.454 |   0.645 |     0.818 |     0.849 |      0.87  |
| tsb           |        13 | 0.506 |   0.564 |     0.736 |     0.762 |      0.78  |
| tsb_nb        |         3 | 0.411 |   0.65  |     0.843 |     0.903 |      0.934 |
| tsb_nb        |        13 | 0.458 |   0.563 |     0.767 |     0.817 |      0.85  |
| ets           |         3 | 0.431 |   0.654 |     0.876 |     0.912 |      0.931 |
| ets           |        13 | 0.445 |   0.614 |     0.854 |     0.892 |      0.912 |
| lgb_tweedie   |         3 | 0.496 |   0.819 |     0.89  |     0.922 |      0.938 |
| lgb_tweedie   |        13 | 0.664 |   1.131 |     0.884 |     0.91  |      0.925 |
| lgb_conformal |         3 | 0.436 |   0.8   |     0.82  |     0.907 |      0.952 |
| lgb_conformal |        13 | 0.59  |   1.074 |     0.848 |     0.921 |      0.957 |
| hgb_quantile  |         3 | 0.338 |   0.593 |     0.852 |     0.917 |      0.953 |
| hgb_quantile  |        13 | 0.423 |   0.492 |     0.841 |     0.915 |      0.956 |
| lgb_quantile  |         3 | 0.336 |   0.594 |     0.854 |     0.921 |      0.957 |
| lgb_quantile  |        13 | 0.41  |   0.494 |     0.846 |     0.924 |      0.964 |

### SQL by demand class (h = 3)

| model         |   all |   smooth |   erratic |   intermittent |   lumpy |
|:--------------|------:|---------:|----------:|---------------:|--------:|
| empirical     | 0.522 |    0.437 |     0.448 |          0.514 |   0.669 |
| ets           | 0.431 |    0.319 |     0.35  |          0.474 |   0.49  |
| hgb_quantile  | 0.338 |    0.262 |     0.26  |          0.387 |   0.349 |
| lgb_conformal | 0.436 |    0.28  |     0.288 |          0.544 |   0.428 |
| lgb_quantile  | 0.336 |    0.26  |     0.258 |          0.384 |   0.345 |
| lgb_tweedie   | 0.496 |    0.289 |     0.31  |          0.637 |   0.485 |
| tsb           | 0.454 |    0.376 |     0.428 |          0.459 |   0.533 |
| tsb_nb        | 0.411 |    0.314 |     0.353 |          0.443 |   0.465 |

### Inventory KPIs, default scenario, no liquidation (all series)

| model         |   fill_rate |   stockout_rate_demand_weeks |   inventory_weeks |   excess_weeks_of_demand |   fill_rate_lo |   fill_rate_hi |   inventory_weeks_lo |   inventory_weeks_hi |
|:--------------|------------:|-----------------------------:|------------------:|-------------------------:|---------------:|---------------:|---------------------:|---------------------:|
| empirical     |       0.888 |                        0.137 |             2.802 |                    0.743 |          0.877 |          0.898 |                2.589 |                2.996 |
| tsb           |       0.823 |                        0.216 |             1.313 |                    0.25  |          0.813 |          0.832 |                1.183 |                1.447 |
| tsb_nb        |       0.911 |                        0.125 |             2.401 |                    0.429 |          0.902 |          0.92  |                2.224 |                2.6   |
| ets           |       0.917 |                        0.1   |             2.738 |                    0.656 |          0.908 |          0.925 |                2.529 |                2.966 |
| lgb_tweedie   |       0.926 |                        0.082 |             2.597 |                    0.547 |          0.919 |          0.932 |                2.398 |                2.799 |
| lgb_conformal |       0.93  |                        0.079 |             2.697 |                    0.532 |          0.919 |          0.939 |                2.486 |                2.904 |
| hgb_quantile  |       0.945 |                        0.068 |             3.475 |                    0.977 |          0.94  |          0.951 |                3.172 |                3.787 |
| lgb_quantile  |       0.948 |                        0.066 |             3.405 |                    0.909 |          0.943 |          0.953 |                3.126 |                3.701 |

### fill_rate by demand class (default, no liquidation)

| model         |   all |   smooth |   erratic |   intermittent |   lumpy |
|:--------------|------:|---------:|----------:|---------------:|--------:|
| empirical     | 0.888 |    0.926 |     0.858 |          0.852 |   0.72  |
| ets           | 0.917 |    0.942 |     0.884 |          0.913 |   0.844 |
| hgb_quantile  | 0.945 |    0.959 |     0.919 |          0.948 |   0.926 |
| lgb_conformal | 0.93  |    0.948 |     0.892 |          0.949 |   0.909 |
| lgb_quantile  | 0.948 |    0.961 |     0.925 |          0.95  |   0.928 |
| lgb_tweedie   | 0.926 |    0.945 |     0.894 |          0.934 |   0.879 |
| tsb           | 0.823 |    0.867 |     0.753 |          0.844 |   0.708 |
| tsb_nb        | 0.911 |    0.941 |     0.869 |          0.911 |   0.828 |

### inventory_weeks by demand class (default, no liquidation)

| model         |   all |   smooth |   erratic |   intermittent |   lumpy |
|:--------------|------:|---------:|----------:|---------------:|--------:|
| empirical     | 2.802 |    2.109 |     3.653 |          3.456 |   4.691 |
| ets           | 2.738 |    1.77  |     3.876 |          2.889 |   6.171 |
| hgb_quantile  | 3.475 |    2.373 |     4.568 |          3.945 |   7.842 |
| lgb_conformal | 2.697 |    2.007 |     2.986 |          4.946 |   5.248 |
| lgb_quantile  | 3.405 |    2.355 |     4.429 |          4.001 |   7.516 |
| lgb_tweedie   | 2.597 |    1.931 |     3.143 |          4.219 |   4.578 |
| tsb           | 1.313 |    0.931 |     1.707 |          1.436 |   2.817 |
| tsb_nb        | 2.401 |    1.688 |     3.268 |          2.323 |   4.982 |

### Trade-off: fill rate and inventory (weeks) across target service level τ

| model         |   ('fill_rate', 0.8) |   ('fill_rate', 0.9) |   ('fill_rate', 0.95) |   ('inventory_weeks', 0.8) |   ('inventory_weeks', 0.9) |   ('inventory_weeks', 0.95) |
|:--------------|---------------------:|---------------------:|----------------------:|---------------------------:|---------------------------:|----------------------------:|
| empirical     |                0.83  |                0.888 |                 0.927 |                      1.82  |                      2.802 |                       3.915 |
| ets           |                0.892 |                0.917 |                 0.932 |                      2.208 |                      2.738 |                       3.194 |
| hgb_quantile  |                0.906 |                0.945 |                 0.97  |                      2.235 |                      3.475 |                       4.947 |
| lgb_conformal |                0.868 |                0.93  |                 0.96  |                      1.742 |                      2.697 |                       4.098 |
| lgb_quantile  |                0.907 |                0.948 |                 0.971 |                      2.155 |                      3.405 |                       4.767 |
| lgb_tweedie   |                0.895 |                0.926 |                 0.941 |                      2.076 |                      2.597 |                       3.062 |
| tsb           |                0.813 |                0.823 |                 0.83  |                      1.24  |                      1.313 |                       1.378 |
| tsb_nb        |                0.874 |                0.911 |                 0.934 |                      1.751 |                      2.401 |                       3.091 |

![trade-off](fig_tradeoff_VN1.png)

### Inventory (weeks of demand) needed to reach a fill rate — all (— = not reached for τ ∈ [0.8, 0.95])

|               |   fill 0.90 |   fill 0.92 |   fill 0.94 |   fill 0.96 |
|:--------------|------------:|------------:|------------:|------------:|
| empirical     |        3.16 |        3.73 |      —    |      —    |
| ets           |        2.38 |        2.83 |      —    |      —    |
| hgb_quantile  |      —    |        2.68 |        3.31 |        4.36 |
| lgb_conformal |        2.24 |        2.55 |        3.17 |      —    |
| lgb_quantile  |      —    |        2.54 |        3.17 |        4.13 |
| lgb_tweedie   |        2.16 |        2.5  |        3.02 |      —    |
| tsb           |      —    |      —    |      —    |      —    |
| tsb_nb        |        2.21 |        2.67 |      —    |      —    |

### Inventory (weeks of demand) needed to reach a fill rate — smooth (— = not reached for τ ∈ [0.8, 0.95])

|               |   fill 0.90 |   fill 0.92 |   fill 0.94 |   fill 0.96 |
|:--------------|------------:|------------:|------------:|------------:|
| empirical     |         1.7 |        2.02 |        2.43 |      —    |
| ets           |       —   |      —    |        1.74 |      —    |
| hgb_quantile  |       —   |      —    |        1.93 |        2.41 |
| lgb_conformal |         1.4 |        1.65 |        1.91 |        2.37 |
| lgb_quantile  |       —   |      —    |        1.85 |        2.34 |
| lgb_tweedie   |       —   |        1.57 |        1.86 |      —    |
| tsb           |       —   |      —    |      —    |      —    |
| tsb_nb        |       —   |        1.36 |        1.67 |      —    |

### Inventory (weeks of demand) needed to reach a fill rate — erratic (— = not reached for τ ∈ [0.8, 0.95])

|               |   fill 0.90 |   fill 0.92 |   fill 0.94 |   fill 0.96 |
|:--------------|------------:|------------:|------------:|------------:|
| empirical     |        5.07 |      —    |      —    |         — |
| ets           |        4.39 |      —    |      —    |         — |
| hgb_quantile  |        3.88 |        4.62 |        5.67 |         — |
| lgb_conformal |        3.3  |        4.07 |      —    |         — |
| lgb_quantile  |        3.6  |        4.28 |        5.35 |         — |
| lgb_tweedie   |        3.32 |      —    |      —    |         — |
| tsb           |      —    |      —    |      —    |         — |
| tsb_nb        |        4.22 |      —    |      —    |         — |

### Inventory (weeks of demand) needed to reach a fill rate — intermittent (— = not reached for τ ∈ [0.8, 0.95])

|               |   fill 0.90 |   fill 0.92 |   fill 0.94 |   fill 0.96 |
|:--------------|------------:|------------:|------------:|------------:|
| empirical     |      —    |      —    |      —    |      —    |
| ets           |        2.59 |        3.13 |      —    |      —    |
| hgb_quantile  |      —    |        3.07 |        3.7  |        5.1  |
| lgb_conformal |        4.04 |        4.41 |        4.78 |        6.82 |
| lgb_quantile  |      —    |        2.9  |        3.64 |        4.88 |
| lgb_tweedie   |      —    |        3.8  |        4.52 |      —    |
| tsb           |      —    |      —    |      —    |      —    |
| tsb_nb        |        2.12 |        2.64 |      —    |      —    |

### Inventory (weeks of demand) needed to reach a fill rate — lumpy (— = not reached for τ ∈ [0.8, 0.95])

|               |   fill 0.90 |   fill 0.92 |   fill 0.94 |   fill 0.96 |
|:--------------|------------:|------------:|------------:|------------:|
| empirical     |      —    |      —    |      —    |         — |
| ets           |      —    |      —    |      —    |         — |
| hgb_quantile  |        6.27 |        7.49 |        9.29 |         — |
| lgb_conformal |        5    |        6.49 |        8.75 |         — |
| lgb_quantile  |        6.06 |        7.11 |        8.69 |         — |
| lgb_tweedie   |      —    |      —    |      —    |         — |
| tsb           |      —    |      —    |      —    |         — |
| tsb_nb        |      —    |      —    |      —    |         — |

### Liquidation policies, default scenario (all series)

| model         | policy   |   fill_rate |   stockout_rate_demand_weeks |   inventory_weeks |   excess_weeks_of_demand |   liquidated_share |   liq_series_share |
|:--------------|:---------|------------:|-----------------------------:|------------------:|-------------------------:|-------------------:|-------------------:|
| empirical     | none     |      0.8876 |                       0.1367 |            2.8016 |                   0.7432 |             0      |             0      |
| empirical     | quantile |      0.8876 |                       0.1367 |            2.7934 |                   0.7403 |             0.001  |             0.0158 |
| empirical     | fixed    |      0.8856 |                       0.148  |            2.4632 |                   0.4826 |             0.0794 |             0.2748 |
| tsb           | none     |      0.823  |                       0.2163 |            1.3135 |                   0.2499 |             0      |             0      |
| tsb           | quantile |      0.8134 |                       0.2224 |            1.1042 |                   0.2298 |             0.0267 |             0.2183 |
| tsb           | fixed    |      0.8229 |                       0.2192 |            1.3018 |                   0.2468 |             0.0024 |             0.1599 |
| tsb_nb        | none     |      0.9112 |                       0.125  |            2.4011 |                   0.4294 |             0      |             0      |
| tsb_nb        | quantile |      0.9067 |                       0.1296 |            2.2462 |                   0.412  |             0.0228 |             0.177  |
| tsb_nb        | fixed    |      0.9107 |                       0.1288 |            2.3704 |                   0.4197 |             0.0054 |             0.1687 |
| ets           | none     |      0.917  |                       0.1002 |            2.7381 |                   0.6562 |             0      |             0      |
| ets           | quantile |      0.9167 |                       0.1004 |            2.7245 |                   0.6505 |             0.0012 |             0.0198 |
| ets           | fixed    |      0.9155 |                       0.1119 |            2.5377 |                   0.5012 |             0.0544 |             0.4242 |
| lgb_tweedie   | none     |      0.9257 |                       0.0819 |            2.5975 |                   0.547  |             0      |             0      |
| lgb_tweedie   | quantile |      0.9252 |                       0.0825 |            2.5182 |                   0.4887 |             0.007  |             0.0765 |
| lgb_tweedie   | fixed    |      0.9229 |                       0.0938 |            2.4664 |                   0.472  |             0.0223 |             0.4806 |
| lgb_conformal | none     |      0.9297 |                       0.0792 |            2.6966 |                   0.5317 |             0      |             0      |
| lgb_conformal | quantile |      0.9295 |                       0.08   |            2.6284 |                   0.4943 |             0.0051 |             0.0913 |
| lgb_conformal | fixed    |      0.926  |                       0.0914 |            2.5481 |                   0.4321 |             0.0223 |             0.4692 |
| hgb_quantile  | none     |      0.9453 |                       0.0685 |            3.4746 |                   0.9769 |             0      |             0      |
| hgb_quantile  | quantile |      0.9443 |                       0.0693 |            3.0655 |                   0.8217 |             0.0366 |             0.1169 |
| hgb_quantile  | fixed    |      0.9389 |                       0.0826 |            3.2445 |                   0.8351 |             0.0295 |             0.5118 |
| lgb_quantile  | none     |      0.9477 |                       0.0659 |            3.4052 |                   0.9092 |             0      |             0      |
| lgb_quantile  | quantile |      0.9475 |                       0.0661 |            3.2605 |                   0.8459 |             0.0118 |             0.0538 |
| lgb_quantile  | fixed    |      0.941  |                       0.0794 |            3.198  |                   0.7863 |             0.0276 |             0.5059 |

### Scenario sensitivity, lgb_quantile (τ = 0.9)

| policy   |   L |   H |   q_liq |   k |   fill_rate |   inventory_weeks |   liquidated_share |
|:---------|----:|----:|--------:|----:|------------:|------------------:|-------------------:|
| none     |   2 |  13 |    0.95 |  26 |       0.948 |             3.405 |              0     |
| quantile |   2 |  13 |    0.95 |  26 |       0.948 |             3.26  |              0.012 |
| fixed    |   2 |  13 |    0.95 |  26 |       0.941 |             3.198 |              0.028 |
| none     |   1 |  13 |    0.95 |  26 |       0.944 |             2.074 |              0     |
| quantile |   1 |  13 |    0.95 |  26 |       0.943 |             2.039 |              0.003 |
| fixed    |   1 |  13 |    0.95 |  26 |       0.942 |             2.007 |              0.013 |
| none     |   4 |  13 |    0.95 |  26 |       0.943 |             6.007 |              0     |
| quantile |   4 |  13 |    0.95 |  26 |       0.942 |             5.279 |              0.05  |
| fixed    |   4 |  13 |    0.95 |  26 |       0.924 |             5.048 |              0.086 |
| none     |   2 |   8 |    0.95 |  26 |       0.948 |             3.405 |              0     |
| quantile |   2 |   8 |    0.95 |  26 |       0.946 |             3.016 |              0.031 |
| fixed    |   2 |   8 |    0.95 |  26 |       0.941 |             3.198 |              0.028 |
| none     |   2 |  26 |    0.95 |  26 |       0.948 |             3.405 |              0     |
| quantile |   2 |  26 |    0.95 |  26 |       0.948 |             3.385 |              0.002 |
| fixed    |   2 |  26 |    0.95 |  26 |       0.941 |             3.198 |              0.028 |
| none     |   2 |  13 |    0.9  |  26 |       0.948 |             3.405 |              0     |
| quantile |   2 |  13 |    0.9  |  26 |       0.947 |             3.08  |              0.028 |
| fixed    |   2 |  13 |    0.9  |  26 |       0.941 |             3.198 |              0.028 |
| none     |   2 |  13 |    0.99 |  26 |       0.948 |             3.405 |              0     |
| quantile |   2 |  13 |    0.99 |  26 |       0.948 |             3.379 |              0.002 |
| fixed    |   2 |  13 |    0.99 |  26 |       0.941 |             3.198 |              0.028 |
| none     |   2 |  13 |    0.95 |  13 |       0.948 |             3.405 |              0     |
| quantile |   2 |  13 |    0.95 |  13 |       0.948 |             3.26  |              0.012 |
| fixed    |   2 |  13 |    0.95 |  13 |       0.929 |             2.767 |              0.071 |
| none     |   2 |  13 |    0.95 |  52 |       0.948 |             3.405 |              0     |
| quantile |   2 |  13 |    0.95 |  52 |       0.948 |             3.26  |              0.012 |
| fixed    |   2 |  13 |    0.95 |  52 |       0.946 |             3.32  |              0.012 |

## Ranking consistency M5 vs VN1 (Spearman ρ of fill-rate ranks across models)

| group | ρ | models |
|---|---|---|
| all | 0.69 | 8 |
| smooth | 0.60 | 8 |
| erratic | 0.12 | 8 |
| intermittent | 0.90 | 8 |
| lumpy | 0.69 | 8 |

