D:\Term 8\Research Capstone\NCKH-DCD301\code\liquidation_breakeven.py:98: RuntimeWarning: divide by zero encountered in divide
  wos = np.where(md > 0, base["on_hand_end"][:, w].mean(1) / md, np.nan)
D:\Term 8\Research Capstone\NCKH-DCD301\code\liquidation_breakeven.py:98: RuntimeWarning: invalid value encountered in divide
  wos = np.where(md > 0, base["on_hand_end"][:, w].mean(1) / md, np.nan)
  skip chronos2: forecasts not cached
        model   policy group  liquidated_share_of_demand  d_sales  s_star_h25_m50  s_star_endsalv_h25_m50
    empirical quantile   all                       0.000   -142.0           1.083                   1.335
    empirical    fixed   all                       0.039 -24695.0           1.034                   1.036
    empirical   dead13   all                       0.015 -47122.0           1.590                   1.961
    empirical   dead26   all                       0.002 -10215.0           2.450                  10.542
          tsb quantile   all                       0.015 -27817.0           1.123                   1.242
          tsb    fixed   all                       0.001  -1650.0           1.137                   1.235
          tsb   dead13   all                       0.005 -10529.0           1.157                   1.346
          tsb   dead26   all                       0.000   -270.0           1.118                   1.519
       tsb_nb quantile   all                       0.013 -21216.0           1.100                   1.193
       tsb_nb    fixed   all                       0.003  -4863.0           1.121                   1.188
       tsb_nb   dead13   all                       0.007 -13574.0           1.142                   1.309
       tsb_nb   dead26   all                       0.000   -259.0           1.059                   1.362
          ets quantile   all                       0.000    -71.0           1.067                   1.156
          ets    fixed   all                       0.016 -14494.0           1.060                   1.064
          ets   dead13   all                       0.009 -32137.0           1.522                   2.031
          ets   dead26   all                       0.001  -6826.0           2.757                     NaN
  lgb_tweedie quantile   all                       0.000    -15.0           0.982                   0.981
  lgb_tweedie    fixed   all                       0.008 -10972.0           1.097                   1.117
  lgb_tweedie   dead13   all                       0.009 -31870.0           1.352                   1.605
  lgb_tweedie   dead26   all                       0.001  -3570.0           1.488                   3.353
lgb_conformal quantile   all                       0.000    -79.0           0.994                   0.957
lgb_conformal    fixed   all                       0.009 -12008.0           1.086                   1.101
lgb_conformal   dead13   all                       0.010 -32488.0           1.396                   1.709
lgb_conformal   dead26   all                       0.001  -4544.0           1.851                   4.969
 hgb_quantile quantile   all                       0.000    -36.0           0.963                   0.410
 hgb_quantile    fixed   all                       0.012 -17791.0           1.102                   1.123
 hgb_quantile   dead13   all                       0.008 -32058.0           1.370                   1.715
 hgb_quantile   dead26   all                       0.001  -4641.0           1.545                   4.296
 lgb_quantile quantile   all                       0.000   -127.0           0.986                   0.909
 lgb_quantile    fixed   all                       0.012 -16599.0           1.093                   1.114
 lgb_quantile   dead13   all                       0.008 -29581.0           1.326                   1.638
 lgb_quantile   dead26   all                       0.001  -4082.0           1.441                   5.371

        model group  median_weeks_of_supply  p75  p90  zero_demand_series_share
    empirical   all                    2.42 4.71 9.00                      0.02
          tsb   all                    1.59 2.92 5.40                      0.02
       tsb_nb   all                    2.19 3.87 6.85                      0.02
          ets   all                    2.54 4.49 8.12                      0.02
  lgb_tweedie   all                    2.25 4.20 7.81                      0.02
lgb_conformal   all                    2.55 4.55 8.17                      0.02
 hgb_quantile   all                    2.34 4.38 8.24                      0.02
 lgb_quantile   all                    2.38 4.44 8.29                      0.02
