M5: 30,490 series x 225 weeks; test weeks 2014-11-22 .. 2015-05-16; evaluated series 28,824
  classes: {'all': 28824, 'smooth': 15108, 'erratic': 1510, 'intermittent': 10193, 'lumpy': 2013}
  forecasting empirical, h=3 ...
    done in 144s
  forecasting empirical, h=13 ...
    done in 121s
  forecasting tsb, h=3 ...
    done in 45s
  forecasting tsb, h=13 ...
    done in 52s
  forecasting tsb_nb, h=3 ...
    done in 139s
  forecasting tsb_nb, h=13 ...
    done in 203s
  forecasting ets, h=3 ...
    done in 19s
  forecasting ets, h=13 ...
    done in 19s
  forecasting lgb_tweedie, h=3 ...
    block cutoff 199: train 2,456,876 rows, valid 368,389, predict 374,712
      tweedie: 286 rounds (131s)
    block cutoff 212: train 2,566,151 rows, valid 374,607, predict 374,712
      tweedie: 63 rounds (97s)
    done in 231s
  forecasting lgb_tweedie, h=13 ...
    block cutoff 199: train 2,368,337 rows, valid 358,649, predict 374,712
      tweedie: 545 rounds (282s)
    block cutoff 212: train 2,482,458 rows, valid 370,743, predict 374,712
      tweedie: 72 rounds (41s)
    done in 325s
  forecasting lgb_conformal, h=3 ...
    block cutoff 199: conformal on 368,389 validation residuals (95s)
    block cutoff 212: conformal on 374,607 validation residuals (44s)
    done in 140s
  forecasting lgb_conformal, h=13 ...
    block cutoff 199: conformal on 358,649 validation residuals (133s)
    block cutoff 212: conformal on 370,743 validation residuals (39s)
    done in 174s
  forecasting hgb_quantile, h=3 ...
    block cutoff 199: train 300,000 rows, predict 374,712
      q=0.5: 143 iterations (19s)
      q=0.8: 257 iterations (47s)
      q=0.9: 214 iterations (71s)
      q=0.95: 181 iterations (91s)
      q=0.99: 113 iterations (103s)
    block cutoff 212: train 300,000 rows, predict 374,712
      q=0.5: 151 iterations (21s)
      q=0.8: 300 iterations (51s)
      q=0.9: 282 iterations (79s)
      q=0.95: 167 iterations (97s)
      q=0.99: 127 iterations (112s)
    done in 217s
  forecasting hgb_quantile, h=13 ...
    block cutoff 199: train 300,000 rows, predict 374,712
      q=0.5: 300 iterations (25s)
      q=0.8: 300 iterations (39s)
      q=0.9: 300 iterations (54s)
      q=0.95: 272 iterations (85s)
      q=0.99: 116 iterations (98s)
    block cutoff 212: train 300,000 rows, predict 374,712
      q=0.5: 300 iterations (38s)
      q=0.8: 300 iterations (68s)
      q=0.9: 300 iterations (95s)
      q=0.95: 300 iterations (124s)
      q=0.99: 138 iterations (138s)
    done in 237s
  forecasting lgb_quantile, h=3 ...
    block cutoff 199: train 2,456,876 rows, valid 368,389, predict 374,712
      q=0.5: 278 rounds (86s)
      q=0.8: 307 rounds (182s)
      q=0.9: 368 rounds (286s)
      q=0.95: 189 rounds (352s)
      q=0.99: 213 rounds (419s)
    block cutoff 212: train 2,566,151 rows, valid 374,607, predict 374,712
      q=0.5: 241 rounds (84s)
      q=0.8: 999 rounds (322s)
      q=0.9: 552 rounds (470s)
      q=0.95: 281 rounds (561s)
      q=0.99: 214 rounds (628s)
    done in 1048s
  forecasting lgb_quantile, h=13 ...
    block cutoff 199: train 2,368,337 rows, valid 358,649, predict 374,712
      q=0.5: 481 rounds (138s)
      q=0.8: 102 rounds (188s)
      q=0.9: 506 rounds (322s)
      q=0.95: 635 rounds (472s)
      q=0.99: 289 rounds (549s)
    block cutoff 212: train 2,482,458 rows, valid 370,743, predict 374,712
      q=0.5: 485 rounds (136s)
      q=0.8: 136 rounds (189s)
      q=0.9: 147 rounds (246s)
      q=0.95: 169 rounds (309s)
      q=0.99: 210 rounds (371s)
    done in 922s
finished in 4306s -> D:\Term 8\Research Capstone\NCKH-DCD301\code\outputs\M5_w52
