M5: 30,490 series x 277 weeks; test weeks 2015-11-21 .. 2016-05-14; evaluated series 30,381
  classes: {'all': 30381, 'smooth': 16102, 'erratic': 1777, 'intermittent': 10285, 'lumpy': 2217}
  forecasting lgb_tweedie, h=3 ...
    block cutoff 251: train 2,858,893 rows, valid 393,846, predict 394,953
      tweedie: 116 rounds (60s)
    block cutoff 264: train 2,935,304 rows, valid 394,935, predict 394,953
      tweedie: 278 rounds (71s)
    done in 133s
  forecasting lgb_tweedie, h=13 ...
    block cutoff 251: train 2,792,695 rows, valid 390,555, predict 394,953
      tweedie: 44 rounds (17s)
    block cutoff 264: train 2,877,187 rows, valid 394,525, predict 394,953
      tweedie: 67 rounds (32s)
    done in 50s
  forecasting lgb_conformal, h=3 ...
    block cutoff 251: conformal on 393,846 validation residuals (57s)
    block cutoff 264: conformal on 394,935 validation residuals (40s)
    done in 98s
  forecasting lgb_conformal, h=13 ...
    block cutoff 251: conformal on 390,555 validation residuals (17s)
    block cutoff 264: conformal on 394,525 validation residuals (17s)
    done in 35s
finished in 457s -> D:\Term 8\Research Capstone\NCKH-DCD301\code\outputs\M5
